 alib100

 Timestamp is 42ee3340 (Mon Aug 01 16:35:44 2005)

 Preferred load address is 10000000

 Start         Length     Name                   Class
 0001:00000000 00065dceH .text                   CODE
 0001:00065dd0 00001522H .text$x                 CODE
 0001:00067300 000008ffH .text$yc                CODE
 0001:00067c00 0000033aH .text$yd                CODE
 0002:00000000 00000404H .idata$5                DATA
 0002:00000410 00009c50H .rdata                  DATA
 0002:0000a060 00000051H .rdata$debug            DATA
 0002:0000a0b4 00000fecH .rdata$r                DATA
 0002:0000b0a0 000001bcH .rdata$sxdata           DATA
 0002:0000b25c 00000004H .rtc$IAA                DATA
 0002:0000b260 00000004H .rtc$IZZ                DATA
 0002:0000b264 00000004H .rtc$TAA                DATA
 0002:0000b268 00000004H .rtc$TZZ                DATA
 0002:0000b270 00001544H .xdata$x                DATA
 0002:0000c7b4 0000012cH .idata$2                DATA
 0002:0000c8e0 00000014H .idata$3                DATA
 0002:0000c8f4 00000404H .idata$4                DATA
 0002:0000ccf8 00000f14H .idata$6                DATA
 0002:0000dc10 00004b7eH .edata                  DATA
 0003:00000000 00000004H .CRT$XCA                DATA
 0003:00000004 00000004H .CRT$XCAA               DATA
 0003:00000008 000000c4H .CRT$XCU                DATA
 0003:000000cc 00000004H .CRT$XCZ                DATA
 0003:000000d0 00000004H .CRT$XIA                DATA
 0003:000000d4 00000004H .CRT$XIAA               DATA
 0003:000000d8 00000004H .CRT$XIC                DATA
 0003:000000dc 00000004H .CRT$XIZ                DATA
 0003:000000e0 0003d2f0H .data                   DATA
 0003:0003d3d0 00016074H .bss                    DATA
 0004:00000000 00000990H .rsrc$01                DATA
 0004:00000990 000486f0H .rsrc$02                DATA

  Address         Publics by Value              Rva+Base       Lib:Object

 0000:00000000       __except_list              00000000       <absolute>
 0000:0000006f       ___safe_se_handler_count   0000006f       <absolute>
 0000:00009876       __ldused                   00009876       <absolute>
 0000:00009876       __fltused                  00009876       <absolute>
 0001:00000000       _adler32                   10001000 f     adler32.obj
 0001:00000140       ?inflate_blocks_reset@@YAXPAUinflate_blocks_state@@PAUz_stream_s@@PAK@Z 10001140 f     infblock.obj
 0001:000001e0       ?inflate_blocks_new@@YAPAUinflate_blocks_state@@PAUz_stream_s@@P6AKKPBEI@ZI@Z 100011e0 f     infblock.obj
 0001:00000260       ?inflate_blocks@@YAHPAUinflate_blocks_state@@PAUz_stream_s@@H@Z 10001260 f     infblock.obj
 0001:00000cd0       ?inflate_blocks_free@@YAHPAUinflate_blocks_state@@PAUz_stream_s@@PAK@Z 10001cd0 f     infblock.obj
 0001:00000d10       ?inflate_set_dictionary@@YAXPAUinflate_blocks_state@@PBEI@Z 10001d10 f     infblock.obj
 0001:00000d40       ?inflate_codes_new@@YAPAUinflate_codes_state@@IIPAUinflate_huft_s@@0PAUz_stream_s@@@Z 10001d40 f     infcodes.obj
 0001:00000d80       ?inflate_codes@@YAHPAUinflate_blocks_state@@PAUz_stream_s@@H@Z 10001d80 f     infcodes.obj
 0001:000013f0       ?inflate_codes_free@@YAXPAUinflate_codes_state@@PAUz_stream_s@@@Z 100023f0 f     infcodes.obj
 0001:00001410       ?inflate_fast@@YAHIIPAUinflate_huft_s@@0PAUinflate_blocks_state@@PAUz_stream_s@@@Z 10002410 f     inffast.obj
 0001:00001730       _inflateReset              10002730 f     inflate.obj
 0001:00001780       _inflateEnd                10002780 f     inflate.obj
 0001:000017d0       _inflateInit2_             100027d0 f     inflate.obj
 0001:000018d0       _inflateInit_              100028d0 f     inflate.obj
 0001:000018f0       _inflate                   100028f0 f     inflate.obj
 0001:00001c90       _inflateSetDictionary      10002c90 f     inflate.obj
 0001:00001d10       _inflateSync               10002d10 f     inflate.obj
 0001:00001e10       ?inflate_trees_free@@YAHPAUinflate_huft_s@@PAUz_stream_s@@@Z 10002e10 f     inftrees.obj
 0001:00002340       ?inflate_trees_bits@@YAHPAI0PAPAUinflate_huft_s@@PAUz_stream_s@@@Z 10003340 f     inftrees.obj
 0001:00002390       ?inflate_trees_dynamic@@YAHIIPAI00PAPAUinflate_huft_s@@1PAUz_stream_s@@@Z 10003390 f     inftrees.obj
 0001:00002450       ?inflate_trees_fixed@@YAHPAI0PAPAUinflate_huft_s@@1@Z 10003450 f     inftrees.obj
 0001:00002700       ?inflate_flush@@YAHPAUinflate_blocks_state@@PAUz_stream_s@@H@Z 10003700 f     infutil.obj
 0001:000027f0       _uncompress                100037f0 f     uncompr.obj
 0001:00002880       ?zcalloc@@YAPAXPAXII@Z     10003880 f     zutil.obj
 0001:000028a0       ?zcfree@@YAXPAX0@Z         100038a0 f     zutil.obj
 0001:000028b0       ?keymatch@@YAEPADPBDH@Z    100038b0 f     cdjpeg.obj
 0001:00002930       ?read_stdin@@YAPAU_iobuf@@XZ 10003930 f     cdjpeg.obj
 0001:00002940       ?write_stdout@@YAPAU_iobuf@@XZ 10003940 f     cdjpeg.obj
 0001:00003130       _main                      10004130 f     cjpeg.obj
 0001:00003370       ?jpeg_create_compress@@YAXPAUjpeg_compress_struct@@@Z 10004370 f     jcapimin.obj
 0001:000033e0       ?jpeg_destroy_compress@@YAXPAUjpeg_compress_struct@@@Z 100043e0 f     jcapimin.obj
 0001:000033f0       ?jpeg_abort_compress@@YAXPAUjpeg_compress_struct@@@Z 100043f0 f     jcapimin.obj
 0001:00003400       ?jpeg_suppress_tables@@YAXPAUjpeg_compress_struct@@E@Z 10004400 f     jcapimin.obj
 0001:00003470       ?jpeg_finish_compress@@YAXPAUjpeg_compress_struct@@@Z 10004470 f     jcapimin.obj
 0001:00003590       ?jpeg_write_marker@@YAXPAUjpeg_compress_struct@@HPBEI@Z 10004590 f     jcapimin.obj
 0001:000035f0       ?jpeg_write_tables@@YAXPAUjpeg_compress_struct@@@Z 100045f0 f     jcapimin.obj
 0001:00003650       ?jpeg_start_compress@@YAXPAUjpeg_compress_struct@@E@Z 10004650 f     jcapistd.obj
 0001:000036d0       ?jpeg_write_scanlines@@YAIPAUjpeg_compress_struct@@PAPAEI@Z 100046d0 f     jcapistd.obj
 0001:00003790       ?jpeg_write_raw_data@@YAIPAUjpeg_compress_struct@@PAPAPAEI@Z 10004790 f     jcapistd.obj
 0001:00004060       ?jinit_c_coef_controller@@YAXPAUjpeg_compress_struct@@E@Z 10005060 f     jccoefct.obj
 0001:00004660       ?jinit_color_converter@@YAXPAUjpeg_compress_struct@@@Z 10005660 f     jccolor.obj
 0001:000051c0       ?jinit_forward_dct@@YAXPAUjpeg_compress_struct@@@Z 100061c0 f     jcdctmgr.obj
 0001:00005230       ?jpeg_make_c_derived_tbl@@YAXPAUjpeg_compress_struct@@PAUJHUFF_TBL@@PAPAUc_derived_tbl@@@Z 10006230 f     jchuff.obj
 0001:00005a80       ?jpeg_gen_optimal_table@@YAXPAUjpeg_compress_struct@@PAUJHUFF_TBL@@QAJ@Z 10006a80 f     jchuff.obj
 0001:00005ff0       ?jinit_huff_encoder@@YAXPAUjpeg_compress_struct@@@Z 10006ff0 f     jchuff.obj
 0001:00006050       ?jinit_compress_master@@YAXPAUjpeg_compress_struct@@@Z 10007050 f     jcinit.obj
 0001:00006210       ?jinit_c_main_controller@@YAXPAUjpeg_compress_struct@@E@Z 10007210 f     jcmainct.obj
 0001:00007120       ?jinit_marker_writer@@YAXPAUjpeg_compress_struct@@@Z 10008120 f     jcmarker.obj
 0001:00007c80       ?jinit_c_master_control@@YAXPAUjpeg_compress_struct@@E@Z 10008c80 f     jcmaster.obj
 0001:00007d30       ?jpeg_abort@@YAXPAUjpeg_common_struct@@@Z 10008d30 f     jcomapi.obj
 0001:00007d60       ?jpeg_destroy@@YAXPAUjpeg_common_struct@@@Z 10008d60 f     jcomapi.obj
 0001:00007d90       ?jpeg_alloc_quant_table@@YAPAUJQUANT_TBL@@PAUjpeg_common_struct@@@Z 10008d90 f     jcomapi.obj
 0001:00007db0       ?jpeg_alloc_huff_table@@YAPAUJHUFF_TBL@@PAUjpeg_common_struct@@@Z 10008db0 f     jcomapi.obj
 0001:00007dd0       ?jpeg_add_quant_table@@YAXPAUjpeg_compress_struct@@HPBIHE@Z 10008dd0 f     jcparam.obj
 0001:00007f80       ?jpeg_set_linear_quality@@YAXPAUjpeg_compress_struct@@HE@Z 10008f80 f     jcparam.obj
 0001:00007fc0       ?jpeg_quality_scaling@@YAHH@Z 10008fc0 f     jcparam.obj
 0001:00008000       ?jpeg_set_quality@@YAXPAUjpeg_compress_struct@@HE@Z 10009000 f     jcparam.obj
 0001:00008240       ?jpeg_set_colorspace@@YAXPAUjpeg_compress_struct@@W4J_COLOR_SPACE@@@Z 10009240 f     jcparam.obj
 0001:00008600       ?jpeg_simple_progression@@YAXPAUjpeg_compress_struct@@@Z 10009600 f     jcparam.obj
 0001:00008830       ?jpeg_default_colorspace@@YAXPAUjpeg_compress_struct@@@Z 10009830 f     jcparam.obj
 0001:00008af0       ?jpeg_set_defaults@@YAXPAUjpeg_compress_struct@@@Z 10009af0 f     jcparam.obj
 0001:000098b0       ?jinit_phuff_encoder@@YAXPAUjpeg_compress_struct@@@Z 1000a8b0 f     jcphuff.obj
 0001:00009b70       ?jinit_c_prep_controller@@YAXPAUjpeg_compress_struct@@E@Z 1000ab70 f     jcprepct.obj
 0001:0000a020       ?jinit_downsampler@@YAXPAUjpeg_compress_struct@@@Z 1000b020 f     jcsample.obj
 0001:0000a130       ?jpeg_create_decompress@@YAXPAUjpeg_decompress_struct@@@Z 1000b130 f     jdapimin.obj
 0001:0000a1c0       ?jpeg_destroy_decompress@@YAXPAUjpeg_decompress_struct@@@Z 1000b1c0 f     jdapimin.obj
 0001:0000a1d0       ?jpeg_abort_decompress@@YAXPAUjpeg_decompress_struct@@@Z 1000b1d0 f     jdapimin.obj
 0001:0000a1e0       ?jpeg_set_marker_processor@@YAXPAUjpeg_decompress_struct@@HP6AE0@Z@Z 1000b1e0 f     jdapimin.obj
 0001:0000a410       ?jpeg_consume_input@@YAHPAUjpeg_decompress_struct@@@Z 1000b410 f     jdapimin.obj
 0001:0000a4e0       ?jpeg_input_complete@@YAEPAUjpeg_decompress_struct@@@Z 1000b4e0 f     jdapimin.obj
 0001:0000a530       ?jpeg_has_multiple_scans@@YAEPAUjpeg_decompress_struct@@@Z 1000b530 f     jdapimin.obj
 0001:0000a580       ?jpeg_finish_decompress@@YAEPAUjpeg_decompress_struct@@@Z 1000b580 f     jdapimin.obj
 0001:0000a650       ?jpeg_read_header@@YAHPAUjpeg_decompress_struct@@E@Z 1000b650 f     jdapimin.obj
 0001:0000a740       ?jpeg_read_scanlines@@YAIPAUjpeg_decompress_struct@@PAPAEI@Z 1000b740 f     jdapistd.obj
 0001:0000a7e0       ?jpeg_read_raw_data@@YAIPAUjpeg_decompress_struct@@PAPAPAEI@Z 1000b7e0 f     jdapistd.obj
 0001:0000a8a0       ?jpeg_start_output@@YAEPAUjpeg_decompress_struct@@H@Z 1000b8a0 f     jdapistd.obj
 0001:0000a900       ?jpeg_finish_output@@YAEPAUjpeg_decompress_struct@@@Z 1000b900 f     jdapistd.obj
 0001:0000a9a0       ?jpeg_start_decompress@@YAEPAUjpeg_decompress_struct@@@Z 1000b9a0 f     jdapistd.obj
 0001:0000ab80       ?jpeg_stdio_dest@@YAXPAUjpeg_compress_struct@@PAU_iobuf@@@Z 1000bb80 f     jdatadst.obj
 0001:0000aca0       ?jpeg_stdio_src@@YAXPAUjpeg_decompress_struct@@PAU_iobuf@@@Z 1000bca0 f     jdatasrc.obj
 0001:0000b420       ?jinit_d_coef_controller@@YAXPAUjpeg_decompress_struct@@E@Z 1000c420 f     jdcoefct.obj
 0001:0000b980       ?jinit_color_deconverter@@YAXPAUjpeg_decompress_struct@@@Z 1000c980 f     jdcolor.obj
 0001:0000bd20       ?jinit_inverse_dct@@YAXPAUjpeg_decompress_struct@@@Z 1000cd20 f     jddctmgr.obj
 0001:0000bda0       ?jpeg_make_d_derived_tbl@@YAXPAUjpeg_decompress_struct@@PAUJHUFF_TBL@@PAPAUd_derived_tbl@@@Z 1000cda0 f     jdhuff.obj
 0001:0000bfa0       ?jpeg_fill_bit_buffer@@YAEPAUbitread_working_state@@HHH@Z 1000cfa0 f     jdhuff.obj
 0001:0000c0b0       ?jpeg_huff_decode@@YAHPAUbitread_working_state@@HHPAUd_derived_tbl@@H@Z 1000d0b0 f     jdhuff.obj
 0001:0000c7a0       ?jinit_huff_decoder@@YAXPAUjpeg_decompress_struct@@@Z 1000d7a0 f     jdhuff.obj
 0001:0000cdb0       ?jinit_input_controller@@YAXPAUjpeg_decompress_struct@@@Z 1000ddb0 f     jdinput.obj
 0001:0000d3a0       ?jinit_d_main_controller@@YAXPAUjpeg_decompress_struct@@E@Z 1000e3a0 f     jdmainct.obj
 0001:0000eea0       ?jpeg_resync_to_restart@@YAEPAUjpeg_decompress_struct@@H@Z 1000fea0 f     jdmarker.obj
 0001:0000efe0       ?jinit_marker_reader@@YAXPAUjpeg_decompress_struct@@@Z 1000ffe0 f     jdmarker.obj
 0001:0000f0a0       ?jpeg_calc_output_dimensions@@YAXPAUjpeg_decompress_struct@@@Z 100100a0 f     jdmaster.obj
 0001:0000f510       ?jpeg_new_colormap@@YAXPAUjpeg_decompress_struct@@@Z 10010510 f     jdmaster.obj
 0001:0000f590       ?jinit_master_decompress@@YAXPAUjpeg_decompress_struct@@@Z 10010590 f     jdmaster.obj
 0001:00010310       ?jinit_phuff_decoder@@YAXPAUjpeg_decompress_struct@@@Z 10011310 f     jdphuff.obj
 0001:00010480       ?jinit_d_post_controller@@YAXPAUjpeg_decompress_struct@@E@Z 10011480 f     jdpostct.obj
 0001:000109d0       ?jinit_upsampler@@YAXPAUjpeg_decompress_struct@@@Z 100119d0 f     jdsample.obj
 0001:00010d50       ?jpeg_std_error@@YAPAUjpeg_error_mgr@@PAU1@@Z 10011d50 f     jerror.obj
 0001:00010da0       ?jpeg_fdct_float@@YAXPAM@Z 10011da0 f     jfdctflt.obj
 0001:00011170       ?jpeg_idct_float@@YAXPAUjpeg_decompress_struct@@PAUjpeg_component_info@@PAFPAPAEI@Z 10012170 f     jidctflt.obj
 0001:00012250       ?jinit_memory_mgr@@YAXPAUjpeg_common_struct@@@Z 10013250 f     jmemmgr.obj
 0001:00012310       ?jpeg_get_small@@YAPAXPAUjpeg_common_struct@@I@Z 10013310 f     jmemnobs.obj
 0001:00012320       ?jpeg_free_small@@YAXPAUjpeg_common_struct@@PAXI@Z 10013320 f     jmemnobs.obj
 0001:00012330       ?jpeg_get_large@@YAPAXPAUjpeg_common_struct@@I@Z 10013330 f     jmemnobs.obj
 0001:00012340       ?jpeg_free_large@@YAXPAUjpeg_common_struct@@PAXI@Z 10013340 f     jmemnobs.obj
 0001:00012350       ?jpeg_mem_available@@YAJPAUjpeg_common_struct@@JJJ@Z 10013350 f     jmemnobs.obj
 0001:00012360       ?jpeg_open_backing_store@@YAXPAUjpeg_common_struct@@PAUbacking_store_struct@@J@Z 10013360 f     jmemnobs.obj
 0001:00012380       ?jpeg_mem_init@@YAJPAUjpeg_common_struct@@@Z 10013380 f     jmemnobs.obj
 0001:00012390       ?jpeg_mem_term@@YAXPAUjpeg_common_struct@@@Z 10013390 f     jmemnobs.obj
 0001:000123a0       ?jdiv_round_up@@YAJJJ@Z    100133a0 f     jutils.obj
 0001:000123b0       ?jround_up@@YAJJJ@Z        100133b0 f     jutils.obj
 0001:000123d0       ?jcopy_sample_rows@@YAXPAPAEH0HHI@Z 100133d0 f     jutils.obj
 0001:00012420       ?jcopy_block_row@@YAXPAY0EA@F0I@Z 10013420 f     jutils.obj
 0001:00012440       ?jzero_far@@YAXPAXI@Z      10013440 f     jutils.obj
 0001:00012560       ?read_quant_tables@@YAEPAUjpeg_compress_struct@@PADHE@Z 10013560 f     rdswitch.obj
 0001:00012770       ?read_scan_script@@YAEPAUjpeg_compress_struct@@PAD@Z 10013770 f     rdswitch.obj
 0001:00012a00       ?set_quant_slots@@YAEPAUjpeg_compress_struct@@PAD@Z 10013a00 f     rdswitch.obj
 0001:00012ab0       ?set_sample_factors@@YAEPAUjpeg_compress_struct@@PAD@Z 10013ab0 f     rdswitch.obj
 0001:00012ba0       ?FLASHOUTPUT@@YAXPBDZZ     10013ba0 f i   _Display.obj
 0001:00012bb0       ??_FAnode@@QAEXXZ          10013bb0 f i   _Display.obj
 0001:00012bc0       ??0Arectangle@@QAE@HHHH@Z  10013bc0 f i   _Display.obj
 0001:00012be0       ?DepthToSimplestPixelFormat@NativeDisplayTester@@SAHH@Z 10013be0 f     _Display.obj
 0001:00012c60       ??0NativeDisplayTester@@QAE@XZ 10013c60 f     _Display.obj
 0001:00012c70       ??1NativeDisplayTester@@QAE@XZ 10013c70 f     _Display.obj
 0001:00012c80       ?CurrentScreenBitDepth@NativeDisplayTester@@SAHXZ 10013c80 f     _Display.obj
 0001:00012c90       ?CurrentScreenColors@NativeDisplayTester@@SAKXZ 10013c90 f     _Display.obj
 0001:00012ca0       ?TestDepth@NativeDisplayTester@@QAEXH@Z 10013ca0 f     _Display.obj
 0001:00012cc0       ??0NativeBitmap@@QAE@PAVNativePlayerWnd@@PBUSColorTable@@HHHH@Z 10013cc0 f     _Display.obj
 0001:00012d10       ?notify@Anode@@UAE_NPAV1@HI@Z 10013d10 f i   _Display.obj
 0001:00012d70       ?getCI@NativeBitmap@@UAEPAVACI@@XZ 10013d70 f i   _Display.obj
 0001:00012d80       ??1NativeBitmap@@UAE@XZ    10013d80 f     _Display.obj
 0001:00012d90       ?BltNativeToScreen@NativeBitmap@@QAEXPAVNativePlayerWnd@@HHHHHH@Z 10013d90 f     _Display.obj
 0001:00012e00       ?ClearScreen@NativeBitmap@@QAEXPAVNativePlayerWnd@@@Z 10013e00 f     _Display.obj
 0001:00012e10       ??_ENativeBitmap@@UAEPAXI@Z 10013e10 f i   _Display.obj
 0001:00012e10       ??_GNativeBitmap@@UAEPAXI@Z 10013e10 f i   _Display.obj
 0001:00012e40       ?debugbreak@@YAXXZ         10013e40 f     debug.obj
 0001:00012e50       ?dprintf@@YAXPBDZZ         10013e50 f     debug.obj
 0001:00012ea0       ?CreateOSPalette@SColorInfo@@QAEXXZ 10013ea0 f     palette.obj
 0001:00012eb0       ?DestroyOSPalette@SColorInfo@@QAEXXZ 10013eb0 f     palette.obj
 0001:00012ec0       ?GetScreenPalette@NativePalette@@SAXPAUSColorTable@@@Z 10013ec0 f     palette.obj
 0001:00012f60       ?ClearSystemPalette@NativePalette@@SAXPAUHWND__@@@Z 10013f60 f     palette.obj
 0001:00013010       ?CreateIdentityPalette@NativePalette@@SAPAUHPALETTE__@@PAUHWND__@@@Z 10014010 f     palette.obj
 0001:00013160       ?ExitApp@NativePlayerWnd@@IAEXXZ 10014160 f i   PlayerWnd.obj
 0001:00013170       ?SetFullScreen@NativePlayerWnd@@IAEXH@Z 10014170 f i   PlayerWnd.obj
 0001:00013180       ?SetScaleMode@NativePlayerWnd@@IAEXH@Z 10014180 f i   PlayerWnd.obj
 0001:000131b0       ?ExecSystem@NativePlayerWnd@@IAEXPBD@Z 100141b0 f i   PlayerWnd.obj
 0001:000131c0       ?About@@YGJPAUHWND__@@IIJ@Z 100141c0 f     PlayerWnd.obj
 0001:00013280       ??0NativePlayerWnd@@QAE@PAVAflash@@@Z 10014280 f     PlayerWnd.obj
 0001:000132f0       ?StreamPostURLNotify@NativePlayerWnd@@UAEXPBD0K0PAX@Z 100142f0 f i   PlayerWnd.obj
 0001:00013300       ??1NativePlayerWnd@@UAE@XZ 10014300 f     PlayerWnd.obj
 0001:00013360       ?PlayTimerFire@NativePlayerWnd@@QAEXXZ 10014360 f     PlayerWnd.obj
 0001:00013370       ?CursorTimerFire@NativePlayerWnd@@QAEXXZ 10014370 f     PlayerWnd.obj
 0001:00013380       ?ClientRect@NativePlayerWnd@@UAEXPAUSRECT@@@Z 10014380 f     PlayerWnd.obj
 0001:000133c0       ?InvalidateScreenArea@NativePlayerWnd@@UAEXPAUSRECT@@@Z 100143c0 f     PlayerWnd.obj
 0001:000133d0       ?AdjustWindow@NativePlayerWnd@@UAEXHH@Z 100143d0 f     PlayerWnd.obj
 0001:000133e0       ?StartTimer@NativePlayerWnd@@UAEHHH@Z 100143e0 f     PlayerWnd.obj
 0001:00013440       ?StopTimer@NativePlayerWnd@@UAEXXZ 10014440 f     PlayerWnd.obj
 0001:00013450       ?EnableMenus@NativePlayerWnd@@UAEXABUMenuStatus@@@Z 10014450 f     PlayerWnd.obj
 0001:00013460       ?ProcessFSCommand@NativePlayerWnd@@UAEXPAD0@Z 10014460 f     PlayerWnd.obj
 0001:00013590       ?UpdateCursor@NativePlayerWnd@@UAEHXZ 10014590 f     PlayerWnd.obj
 0001:000135a0       ?GetStringFromClipboard@NativePlayerWnd@@QAEPAGXZ 100145a0 f     PlayerWnd.obj
 0001:00013610       ?SetStringToClipboard@NativePlayerWnd@@QAEXPBG@Z 10014610 f     PlayerWnd.obj
 0001:00013690       ?CloseStream@NativePlayerWnd@@UAEXPAUStreamData@@@Z 10014690 f     PlayerWnd.obj
 0001:000136a0       ?StreamGetURLNotify@NativePlayerWnd@@UAEXPBD0PAX@Z 100146a0 f     PlayerWnd.obj
 0001:00013770       ?StreamGetResourceNotify@NativePlayerWnd@@UAEXPAVAresobj@@PAX@Z 10014770 f     PlayerWnd.obj
 0001:000137e0       ??_GNativePlayerWnd@@UAEPAXI@Z 100147e0 f i   PlayerWnd.obj
 0001:000137e0       ??_ENativePlayerWnd@@UAEPAXI@Z 100147e0 f i   PlayerWnd.obj
 0001:00013800       ?BestDetectedFormat@NativeDisplayTester@@QAEHXZ 10014800 f i   bitbuf.obj
 0001:00013810       ?BestDetectedInvert@NativeDisplayTester@@QAEHXZ 10014810 f i   bitbuf.obj
 0001:00013820       ?Bits@NativeBitmap@@QAEPAEXZ 10014820 f i   bitbuf.obj
 0001:00013830       ?ScanLine@NativeBitmap@@QAEHXZ 10014830 f i   bitbuf.obj
 0001:00013840       ?LockBits@CBitBuffer@@QAEHXZ 10014840 f i   bitbuf.obj
 0001:00013860       ?UnlockBits@CBitBuffer@@QAEXXZ 10014860 f i   bitbuf.obj
 0001:00013870       ?AttachColorInfo@@YAXPAUSColorInfo@@@Z 10014870 f i   bitbuf.obj
 0001:00013880       ??0ITabBuilder@@QAE@PAE@Z  10014880 f i   bitbuf.obj
 0001:000138b0       ?ColorDist@@YAHHH@Z        100148b0 f i   bitbuf.obj
 0001:000138c0       ?FillCube@ITabBuilder@@QAEXURGB8@@HH@Z 100148c0 f     bitbuf.obj
 0001:00013aa0       ?BuildInverseTable@@YAXPAUSColorTable@@PAE@Z 10014aa0 f     bitbuf.obj
 0001:00013b30       ?ColorTableEqual@@YAHPAUSColorTable@@0@Z 10014b30 f     bitbuf.obj
 0001:00013ba0       ?ColorTableCopy@@YAXPAUSColorTable@@0@Z 10014ba0 f     bitbuf.obj
 0001:00013be0       ?CreateColorInfo@@YAPAUSColorInfo@@PAUSColorTable@@@Z 10014be0 f     bitbuf.obj
 0001:00013c50       ?GetColorInfo@@YAPAUSColorInfo@@PAUSColorTable@@@Z 10014c50 f     bitbuf.obj
 0001:00013ca0       ?ReleaseColorInfo@@YAXPAUSColorInfo@@@Z 10014ca0 f     bitbuf.obj
 0001:00013d10       ?SetStandardColors@@YAXPAUSColorTable@@@Z 10014d10 f     bitbuf.obj
 0001:00013df0       ??0CBitBuffer@@QAE@XZ      10014df0 f     bitbuf.obj
 0001:00013e10       ?BitsValid@CBitBuffer@@QAEHXZ 10014e10 f     bitbuf.obj
 0001:00013e30       ?FreeBits@CBitBuffer@@QAEXXZ 10014e30 f     bitbuf.obj
 0001:00013e60       ?setAllowPurge@CBitBuffer@@QAEXH@Z 10014e60 f     bitbuf.obj
 0001:00013e70       ?CreateScreenBits@CBitBuffer@@QAEHPAVNativePlayerWnd@@PAUSRECT@@@Z 10014e70 f     bitbuf.obj
 0001:00014000       ?bltToScreen@CBitBuffer@@QAEXPAVNativePlayerWnd@@HHHHHH@Z 10015000 f     bitbuf.obj
 0001:00014020       ?clearScreen@CBitBuffer@@QAEXPAVNativePlayerWnd@@@Z 10015020 f     bitbuf.obj
 0001:00014030       ??1CBitBuffer@@QAE@XZ      10015030 f     bitbuf.obj
 0001:00014060       ?invalidate@CBitBuffer@@QAEXXZ 10015060 f     bitbuf.obj
 0001:00014090       ?FixedMul@@YAJJJ@Z         10015090 f i   curve.obj
 0001:000140a0       ?FixedDiv@@YAJJJ@Z         100150a0 f i   curve.obj
 0001:000140d0       ?PointAdd@@YAXPAUSPOINT@@00@Z 100150d0 f i   curve.obj
 0001:000140f0       ?PointSub@@YAXPAUSPOINT@@00@Z 100150f0 f i   curve.obj
 0001:00014110       ?PointAverage@@YAXPAUSPOINT@@00@Z 10015110 f i   curve.obj
 0001:00014140       ?CurveLineCalcParam@@YAJPAUCURVE@@PAUSPOINT@@@Z 10015140 f     curve.obj
 0001:00014190       ?CurveParamInterpolate@@YAJJJJ@Z 10015190 f     curve.obj
 0001:000141b0       ?CurveSet@@YAXPAUSPOINT@@00PAUCURVE@@@Z 100151b0 f     curve.obj
 0001:000141f0       ?CurveSetLine@@YAXPAUSPOINT@@0PAUCURVE@@@Z 100151f0 f     curve.obj
 0001:00014230       ?CurveBounds@@YAXPAUCURVE@@PAUSRECT@@@Z 10015230 f     curve.obj
 0001:000142a0       ?CurveBoundsSect@@YAHPAUCURVE@@0JJPAJ1@Z 100152a0 f     curve.obj
 0001:000143f0       ?CurveCalcExtreme@@YAJJJJ@Z 100153f0 f     curve.obj
 0001:000144a0       ?CurveExtrema@@YAXPAUCURVE@@PAJ1@Z 100154a0 f     curve.obj
 0001:000144f0       ?CurveFlatness@@YAJPAUCURVE@@@Z 100154f0 f     curve.obj
 0001:00014530       ?CurveDivide@@YAXPAUCURVE@@00@Z 10015530 f     curve.obj
 0001:000145c0       ?CurveDivide@@YAXPAUCURVE@@J00@Z 100155c0 f     curve.obj
 0001:00014670       ?CurveCalcPoint@@YAXPAUCURVE@@JPAUSPOINT@@@Z 10015670 f     curve.obj
 0001:00014790       ?CurveTransform@@YAXPAUCURVE@@PAUMATRIX@@0@Z 10015790 f     curve.obj
 0001:000147d0       ?CurveTangentAngle@@YAJPAUCURVE@@J@Z 100157d0 f     curve.obj
 0001:000148b0       ?DoCurveNearestPoint@@YAXPAUCURVE@@PAUFIT_INFO@@JJ@Z 100158b0 f     curve.obj
 0001:00014a10       ?CurveNearestPoint@@YAJPAUCURVE@@PAUSPOINT@@J1@Z 10015a10 f     curve.obj
 0001:00014ad0       ?CurveReverse@@YAXPAUCURVE@@0@Z 10015ad0 f     curve.obj
 0001:00014b20       ?CurveXRaySect@@YAGPAUCURVE@@PAUSPOINT@@G@Z 10015b20 f     curve.obj
 0001:00014c10       ?CurveInitStepper@@YAXPAUCURVE@@GPAUCURVE_STEPPER@@@Z 10015c10 f     curve.obj
 0001:00014d10       ?CurveStep@@YAHPAUCURVE_STEPPER@@@Z 10015d10 f     curve.obj
 0001:00014d70       ?CurveIsExtreme@@YAHPAUCURVE@@@Z 10015d70 f     curve.obj
 0001:00014de0       ?CurveAdjust@@YAXPAUCURVE@@PAUSPOINT@@10@Z 10015de0 f     curve.obj
 0001:00014ef0       ?CurveTightBounds@@YAXPAUCURVE@@PAUSRECT@@@Z 10015ef0 f     curve.obj
 0001:00014f50       ?CurveDivideTwo@@YAXPAUCURVE@@JJ000@Z 10015f50 f     curve.obj
 0001:00015030       ?CurveLength@@YAJPAUCURVE@@@Z 10016030 f     curve.obj
 0001:000150f0       ?CurveFindLength@@YAJPAUCURVE@@J@Z 100160f0 f     curve.obj
 0001:00015230       ?PreMulAlpha@@YAHPAURGBI@@@Z 10016230 f i   edittext.obj
 0001:00015280       ?HasTransform@ColorTransform@@QAEHXZ 10016280 f i   edittext.obj
 0001:00015290       ?CreateColor@DisplayList@@QAEPAURColor@@XZ 10016290 f i   edittext.obj
 0001:000152a0       ??0SParser@@QAE@XZ         100162a0 f i   edittext.obj
 0001:000152b0       ?Attach@SParser@@QAEXPAEJJ@Z 100162b0 f i   edittext.obj
 0001:000152d0       ?SkipBytes@SParser@@QAEXH@Z 100162d0 f i   edittext.obj
 0001:000152e0       ??0SCharacterParser@@QAE@PAVScriptPlayer@@PAEJPAUMATRIX@@@Z 100162e0 f i   edittext.obj
 0001:00015310       ?GetByte@SParser@@QAEEXZ   10016310 f i   edittext.obj
 0001:00015320       ?GetWord@SParser@@QAEGXZ   10016320 f i   edittext.obj
 0001:00015340       ?IsFontIncluded@EditText@@QAEHXZ 10016340 f i   edittext.obj
 0001:00015350       ?GetTimeMSec@@YAJXZ        10016350 f i   edittext.obj
 0001:00015360       ??0EditText@@QAE@PAUSObject@@@Z 10016360 f     edittext.obj
 0001:000154b0       ??1EditText@@QAE@XZ        100164b0 f     edittext.obj
 0001:000154e0       ?PlayerIsFontAvailable@@YAHPBD@Z 100164e0 f     edittext.obj
 0001:000154f0       ?GetFontDesc@EditText@@QAEXAAUFontDesc@1@@Z 100164f0 f     edittext.obj
 0001:000157b0       ?IsMultiByte@EditText@@QAEHXZ 100167b0 f     edittext.obj
 0001:000157c0       ?IsLeadByte@EditText@@QAEHE@Z 100167c0 f     edittext.obj
 0001:000157d0       ?MBCSToWide@EditText@@QAEPAGPADHH@Z 100167d0 f     edittext.obj
 0001:00015860       ?WideToMBCS@EditText@@QAEPADPAGHH@Z 10016860 f     edittext.obj
 0001:000158c0       ?WideStrLen@@YAHPBG@Z      100168c0 f     edittext.obj
 0001:000158e0       ?WideStrCopy@@YAXPAGPBG@Z  100168e0 f     edittext.obj
 0001:00015910       ?GetBuffer@EditText@@QAEPADXZ 10016910 f     edittext.obj
 0001:00015920       ?SetBuffer@EditText@@QAEXPAD@Z 10016920 f     edittext.obj
 0001:00015990       ?ClearSelection@EditText@@QAEXXZ 10016990 f     edittext.obj
 0001:000159a0       ?DeleteSelection@EditText@@QAEXXZ 100169a0 f     edittext.obj
 0001:000159f0       ?CalcVisibleLines@EditText@@QAEHXZ 100169f0 f     edittext.obj
 0001:00015a60       ?CalcMaxVScroll@EditText@@QAEHXZ 10016a60 f     edittext.obj
 0001:00015a80       ?FindLineNumber@EditText@@QAEHH@Z 10016a80 f     edittext.obj
 0001:00015ab0       ?FindLineEnd@EditText@@QAEHH@Z 10016ab0 f     edittext.obj
 0001:00015b00       ?CopyToClipboard@EditText@@QAEXPAVNativePlayerWnd@@@Z 10016b00 f     edittext.obj
 0001:00015b70       ?Expand@EditText@@QAEXH@Z  10016b70 f     edittext.obj
 0001:00015bc0       ?Delete@EditText@@QAEXXZ   10016bc0 f     edittext.obj
 0001:00015bf0       ?BreakEnglish@EditText@@QAEHGG@Z 10016bf0 f     edittext.obj
 0001:00015c10       ?LineBreakOK@EditText@@QAEHGG@Z 10016c10 f     edittext.obj
 0001:00015c30       ?CalculateLineStarts@EditText@@QAEXPAHHH@Z 10016c30 f     edittext.obj
 0001:00015d50       ?CreateEditTextColor@@YAPAURColor@@HHHHHPAUSTransform@@PAUSObject@@@Z 10016d50 f     edittext.obj
 0001:00015e00       ?StrokeCursor@@YAXPAUSObject@@PAUMATRIX@@HHHPAURColor@@PAVSStroker@@@Z 10016e00 f     edittext.obj
 0001:00015e90       ?FindGlyph@EditText@@QAEGGAAUFontDesc@1@@Z 10016e90 f     edittext.obj
 0001:00015f30       ?FindGlyphs@EditText@@QAEPAGPAGHAAUFontDesc@1@@Z 10016f30 f     edittext.obj
 0001:00015f90       ??1SCharacterParser@@QAE@XZ 10016f90 f i   edittext.obj
 0001:00015fa0       ?GetEnabledCommands@EditText@@QAEXAAH@Z 10016fa0 f     edittext.obj
 0001:00016000       ?UpdateFromVariable@EditText@@QAEXXZ 10017000 f     edittext.obj
 0001:000160e0       ?Clear@SaveFocus@@QAEXXZ   100170e0 f     edittext.obj
 0001:00016100       ?Save@SaveFocus@@QAEXPAVSPlayer@@@Z 10017100 f     edittext.obj
 0001:00016180       ?FindLineStart@EditText@@QAEHH@Z 10017180 f i   edittext.obj
 0001:000161d0       ?AutoScroll@EditText@@QAEXXZ 100171d0 f     edittext.obj
 0001:00016330       ?FindCursor@EditText@@QAEXPAUSRECT@@PAH@Z 10017330 f     edittext.obj
 0001:00016430       ?Backspace@EditText@@QAEXXZ 10017430 f     edittext.obj
 0001:00016470       ?InsertWideChars@EditText@@QAEXPAGH@Z 10017470 f     edittext.obj
 0001:00016680       ?LineBreakOK_Index@EditText@@QAEHH@Z 10017680 f     edittext.obj
 0001:000166d0       ?Draw@EditText@@QAEHPAUSTransform@@H@Z 100176d0 f     edittext.obj
 0001:00017540       ??0SaveFocus@@QAE@XZ       10018540 f     edittext.obj
 0001:00017560       ?Insert@EditText@@QAEXG@Z  10018560 f i   edittext.obj
 0001:00017570       ?Forward@EditText@@QAEXHH@Z 10018570 f     edittext.obj
 0001:00017610       ?Backward@EditText@@QAEXHH@Z 10018610 f     edittext.obj
 0001:000176b0       ?PasteFromClipboard@EditText@@QAEXPAVNativePlayerWnd@@@Z 100186b0 f     edittext.obj
 0001:00017700       ?Insert@EditText@@QAEXPADH@Z 10018700 f     edittext.obj
 0001:00017750       ?DoMouse@EditText@@QAEXPAUSPOINT@@H@Z 10018750 f     edittext.obj
 0001:00017a00       ?HandleKeyDown@EditText@@QAEXHHPAVNativePlayerWnd@@@Z 10018a00 f     edittext.obj
 0001:00017e00       ?_FPMul@@YAJJJH@Z          10018e00 f i   fixed.obj
 0001:00017e20       ?_FPDiv@@YAJJJH@Z          10018e20 f i   fixed.obj
 0001:00017e60       ?_FPRound@@YAJJH@Z         10018e60 f i   fixed.obj
 0001:00017e90       ?FixedNearestMultiple@@YAJJJ@Z 10018e90 f     fixed.obj
 0001:00017ec0       ?__FPSin@@YAJJHH@Z         10018ec0 f     fixed.obj
 0001:00017f50       ?_FPSin@@YAJJHH@Z          10018f50 f     fixed.obj
 0001:00017fd0       ?_FPCos@@YAJJHH@Z          10018fd0 f     fixed.obj
 0001:00018070       ?__FPATan@@YAJJHH@Z        10019070 f     fixed.obj
 0001:00018180       ?_FPATan@@YAJJHH@Z         10019180 f     fixed.obj
 0001:00018260       ?_FPATan2@@YAJJJHH@Z       10019260 f     fixed.obj
 0001:00018310       ?FixedTan@@YAJJ@Z          10019310 f     fixed.obj
 0001:00018360       ?PointScale@@YAXPAUSPOINT@@J0@Z 10019360 f     geom.obj
 0001:000183b0       ?PointShift@@YAXPAUSPOINT@@H0@Z 100193b0 f     geom.obj
 0001:00018410       ?PointAverage@@YAXPAUSPOINT@@0J0@Z 10019410 f     geom.obj
 0001:00018470       ?PointEqual@@YAHPAUSPOINT@@0J@Z 10019470 f     geom.obj
 0001:000184c0       ?PointFastLength@@YAJPAUSPOINT@@@Z 100194c0 f     geom.obj
 0001:000184f0       ?PointLength@@YAJPAUSPOINT@@@Z 100194f0 f     geom.obj
 0001:00018570       ?PointDistance@@YAJPAUSPOINT@@0@Z 10019570 f     geom.obj
 0001:000185a0       ?PointFastDistance@@YAJPAUSPOINT@@0@Z 100195a0 f     geom.obj
 0001:000185d0       ?PointAngle@@YAJPAUSPOINT@@0@Z 100195d0 f     geom.obj
 0001:00018610       ?PointPolar@@YAXJJPAUSPOINT@@0@Z 10019610 f     geom.obj
 0001:00018680       ?PointPerpNearestLine@@YAXPAUSPOINT@@000@Z 10019680 f     geom.obj
 0001:000187c0       ?PointNearestLine@@YAJPAUSPOINT@@000@Z 100197c0 f     geom.obj
 0001:00018910       ?PointNormalize@@YAXPAUSPOINT@@J@Z 10019910 f     geom.obj
 0001:00018980       ?RectSet@@YAXJJJJPAUSRECT@@@Z 10019980 f     geom.obj
 0001:000189c0       ?RectSetPoint@@YAXPAUSPOINT@@PAUSRECT@@@Z 100199c0 f     geom.obj
 0001:000189e0       ?RectSetPoint2@@YAXPAUSPOINT@@0PAUSRECT@@@Z 100199e0 f     geom.obj
 0001:00018a30       ?RectSetEmpty@@YAXPAUSRECT@@@Z 10019a30 f     geom.obj
 0001:00018a50       ?RectSetHuge@@YAXPAUSRECT@@@Z 10019a50 f     geom.obj
 0001:00018a70       ?RectCenter@@YAXPAUSRECT@@PAUSPOINT@@@Z 10019a70 f     geom.obj
 0001:00018ac0       ?RectOffset@@YAXJJPAUSRECT@@@Z 10019ac0 f     geom.obj
 0001:00018af0       ?RectShift@@YAXPAUSRECT@@H0@Z 10019af0 f     geom.obj
 0001:00018b90       ?RectValidate@@YAXPAUSRECT@@@Z 10019b90 f     geom.obj
 0001:00018bc0       ?RectOppositePoint@@YAHH@Z 10019bc0 f     geom.obj
 0001:00018c30       ?RectGetPoint@@YAXPAUSRECT@@HPAUSPOINT@@@Z 10019c30 f     geom.obj
 0001:00018d30       ?RectUnion@@YAXPAUSRECT@@00@Z 10019d30 f     geom.obj
 0001:00018dd0       ?RectUnionPoint@@YAXPAUSPOINT@@PAUSRECT@@@Z 10019dd0 f     geom.obj
 0001:00018e20       ?RectIntersect@@YAXPAUSRECT@@00@Z 10019e20 f     geom.obj
 0001:00018ec0       ?RectTestIntersect@@YAHPAUSRECT@@0@Z 10019ec0 f     geom.obj
 0001:00018f00       ?RectPointIn@@YAHPAUSRECT@@PAUSPOINT@@@Z 10019f00 f     geom.obj
 0001:00018f30       ?RectEqual@@YAHPAUSRECT@@0J@Z 10019f30 f     geom.obj
 0001:00018fd0       ?RectSize@@YAJPAUSRECT@@@Z 10019fd0 f     geom.obj
 0001:00019000       ?RectSizePoint@@YAXPAUSRECT@@PAUSPOINT@@@Z 1001a000 f     geom.obj
 0001:00019020       ?RectNearDistance@@YAJPAUSRECT@@PAUSPOINT@@@Z 1001a020 f     geom.obj
 0001:00019090       ?RectDistance@@YAJPAUSRECT@@0@Z 1001a090 f     geom.obj
 0001:00019130       ?MatrixTransformPoint@@YAXPAUMATRIX@@PAUSPOINT@@1@Z 1001a130 f     geom.obj
 0001:000191c0       ?MatrixDeltaTransformPoint@@YAXPAUMATRIX@@PAUSPOINT@@1@Z 1001a1c0 f     geom.obj
 0001:00019250       ?MatrixTransformRect@@YAXPAUMATRIX@@PAUSRECT@@1@Z 1001a250 f     geom.obj
 0001:00019320       ?MatrixTransformThickness@@YAJPAUMATRIX@@J@Z 1001a320 f     geom.obj
 0001:00019380       ?MatrixConcat@@YAXPAUMATRIX@@00@Z 1001a380 f     geom.obj
 0001:000195c0       ?IShift@@YAJJH@Z           1001a5c0 f i   geom.obj
 0001:000195e0       ?MatrixEqual@@YAHPAUMATRIX@@0J@Z 1001a5e0 f     geom.obj
 0001:00019680       ?MatrixIdentity@@YAXPAUMATRIX@@@Z 1001a680 f     geom.obj
 0001:000196a0       ?MatrixRotate@@YAXJPAUMATRIX@@@Z 1001a6a0 f     geom.obj
 0001:000196e0       ?MatrixTranslate@@YAXJJPAUMATRIX@@@Z 1001a6e0 f     geom.obj
 0001:00019710       ?MatrixScale@@YAXJJPAUMATRIX@@@Z 1001a710 f     geom.obj
 0001:00019730       ?MatrixMap@@YAXPAUSRECT@@0PAUMATRIX@@@Z 1001a730 f     geom.obj
 0001:00019800       ?MatrixMapAspect@@YAXPAUSRECT@@0PAUMATRIX@@@Z 1001a800 f     geom.obj
 0001:00019920       ?MatrixDecompose@@YAXPAUMATRIX@@PAUSPOINT@@PAJ@Z 1001a920 f     geom.obj
 0001:00019980       ?MatrixIsScaleOnly@@YAHPAUMATRIX@@@Z 1001a980 f     geom.obj
 0001:000199c0       ?MatrixIsIdentity@@YAHPAUMATRIX@@@Z 1001a9c0 f     geom.obj
 0001:00019a00       ?RectInset@@YAXJPAUSRECT@@@Z 1001aa00 f     geom.obj
 0001:00019a50       ?MatrixInvert@@YAXPAUMATRIX@@0@Z 1001aa50 f     geom.obj
 0001:00019cb0       ??0ChunkAlloc@@QAE@HHHJ@Z  1001acb0 f     global.obj
 0001:00019d00       ?CreateChunk@ChunkAlloc@@AAEPAUChunkBlock@@XZ 1001ad00 f     global.obj
 0001:00019d90       ?FreeChunk@ChunkAlloc@@AAEXPAUChunkBlock@@@Z 1001ad90 f     global.obj
 0001:00019de0       ?Alloc@ChunkAlloc@@QAEPAXXZ 1001ade0 f     global.obj
 0001:00019e30       ?Free@ChunkAlloc@@QAEXPAX@Z 1001ae30 f     global.obj
 0001:00019e80       ?FreeEmpties@ChunkAlloc@@QAEXXZ 1001ae80 f     global.obj
 0001:00019ee0       ??2@YAPAXI@Z               1001aee0 f     global.obj
 0001:00019ef0       ??3@YAXPAX@Z               1001aef0 f     global.obj
 0001:00019f00       ??1ChunkAlloc@@QAE@XZ      1001af00 f     global.obj
 0001:00019f50       ?afx_error_exit@@YAXPAUjpeg_common_struct@@@Z 1001af50 f     jpeg.obj
 0001:00019f60       ?afx_jpeg_null@@YAXPAUjpeg_common_struct@@@Z 1001af60 f     jpeg.obj
 0001:00019f70       ?afx_jpeg_null_int@@YAXPAUjpeg_common_struct@@H@Z 1001af70 f     jpeg.obj
 0001:00019f80       ?afx_jpeg_null_char@@YAXPAUjpeg_common_struct@@PAD@Z 1001af80 f     jpeg.obj
 0001:00019f90       ?jpeg_afx_error@@YAPAUjpeg_error_mgr@@PAU1@@Z 1001af90 f     jpeg.obj
 0001:00019fe0       ?Interpolate@@YAJJJJ@Z     1001afe0 f i   morphinter.obj
 0001:0001a000       ?Interpolate@@YAXPAUSRECT@@0J0@Z 1001b000 f     morphinter.obj
 0001:0001a0b0       ?Interpolate@@YAXPAUMATRIX@@0J0@Z 1001b0b0 f     morphinter.obj
 0001:0001a1a0       ?Interpolate@@YAXPAURGBI@@0J0@Z 1001b1a0 f     morphinter.obj
 0001:0001a270       ?Interpolate@@YAXPATSRGB@@0J0@Z 1001b270 f     morphinter.obj
 0001:0001a360       ?Spin@@YAXXZ               1001b360 f i   raster.obj
 0001:0001a370       ?HasBits@SBitmapCore@@QAEHXZ 1001b370 f i   raster.obj
 0001:0001a380       ?LockBits@SBitmapCore@@QAEXXZ 1001b380 f i   raster.obj
 0001:0001a390       ?UnlockBits@SBitmapCore@@QAEXXZ 1001b390 f i   raster.obj
 0001:0001a3a0       ?ExpandColor@@YAXURGB8@@PAURGBI@@@Z 1001b3a0 f i   raster.obj
 0001:0001a3e0       ?PackPix16@@YAGPAURGBI@@@Z 1001b3e0 f i   raster.obj
 0001:0001a410       ?PackPix16A@@YAGPAURGBI@@@Z 1001b410 f i   raster.obj
 0001:0001a440       ?PackPix32@@YAKPAURGBI@@@Z 1001b440 f i   raster.obj
 0001:0001a470       ?PackPix32A@@YAKPAURGBI@@H@Z 1001b470 f i   raster.obj
 0001:0001a4a0       ?UnpackPix16@@YAXKPAURGBI@@@Z 1001b4a0 f i   raster.obj
 0001:0001a4f0       ?Pix16To32@@YAKH@Z         1001b4f0 f i   raster.obj
 0001:0001a520       ?UnpackPix16A@@YAXKPAURGBI@@@Z 1001b520 f i   raster.obj
 0001:0001a580       ?UnpackPix32@@YAXKPAURGBI@@@Z 1001b580 f i   raster.obj
 0001:0001a5c0       ?PixelFormatToDepth@NativeDisplayTester@@SAHH@Z 1001b5c0 f i   raster.obj
 0001:0001a5d0       ?Height@NativeBitmap@@QAEHXZ 1001b5d0 f i   raster.obj
 0001:0001a5e0       ?Width@NativeBitmap@@QAEHXZ 1001b5e0 f i   raster.obj
 0001:0001a5f0       ?PixelFormat@NativeBitmap@@QAEHXZ 1001b5f0 f i   raster.obj
 0001:0001a600       ?Flush@NativeBitmap@@QAEXXZ 1001b600 f i   raster.obj
 0001:0001a610       ?inverted@CBitBuffer@@QAEHXZ 1001b610 f i   raster.obj
 0001:0001a620       ?pixelFormat@CBitBuffer@@QAEHXZ 1001b620 f i   raster.obj
 0001:0001a630       ?baseAddess@CBitBuffer@@QAEPADXZ 1001b630 f i   raster.obj
 0001:0001a640       ?scanLine@CBitBuffer@@QAEHXZ 1001b640 f i   raster.obj
 0001:0001a650       ?width@CBitBuffer@@QAEHXZ  1001b650 f i   raster.obj
 0001:0001a660       ?height@CBitBuffer@@QAEHXZ 1001b660 f i   raster.obj
 0001:0001a670       ?xorg@CBitBuffer@@QAEHXZ   1001b670 f i   raster.obj
 0001:0001a680       ?getSColorInfo@CBitBuffer@@QAEPAUSColorInfo@@XZ 1001b680 f i   raster.obj
 0001:0001a690       ?Flush@CBitBuffer@@QAEXXZ  1001b690 f i   raster.obj
 0001:0001a6a0       ?CreateActiveEdge@CRaster@@AAEPAURActiveEdge@@XZ 1001b6a0 f i   raster.obj
 0001:0001a6b0       ?FreeActiveEdge@CRaster@@AAEXPAURActiveEdge@@@Z 1001b6b0 f i   raster.obj
 0001:0001a6c0       ?CreateRun@CRaster@@AAEPAURRun@@XZ 1001b6c0 f i   raster.obj
 0001:0001a6d0       ?FreeRun@CRaster@@AAEXPAURRun@@@Z 1001b6d0 f i   raster.obj
 0001:0001a6e0       ?CreateRamp@CRaster@@AAEPAURGB8@@XZ 1001b6e0 f i   raster.obj
 0001:0001a6f0       ?FreeRamp@CRaster@@AAEXPAURGB8@@@Z 1001b6f0 f i   raster.obj
 0001:0001a700       ?CreateMap@CRaster@@AAEPAURColorMap@@XZ 1001b700 f i   raster.obj
 0001:0001a710       ?FreeMap@CRaster@@AAEXPAURColorMap@@@Z 1001b710 f i   raster.obj
 0001:0001a720       ?Set@REdge@@QAEXPAUCURVE@@@Z 1001b720 f i   raster.obj
 0001:0001a770       ?PollSound@@YAXXZ          1001b770 f i   raster.obj
 0001:0001a780       ?BuildRenderTables@@YAXXZ  1001b780 f     raster.obj
 0001:0001a8e0       ?LimitAbs@@YAJJJ@Z         1001b8e0 f i   raster.obj
 0001:0001a910       ?CalcLimit@@YAXAAHAAJJJ@Z  1001b910 f i   raster.obj
 0001:0001a970       ?CompositeRGBPixel@@YAXPAURGBI@@0@Z 1001b970 f i   raster.obj
 0001:0001a9b0       ?CompositeRGB@@YAXPAURGBI@@0H@Z 1001b9b0 f     raster.obj
 0001:0001aa10       ?CompositeRGBSolid@@YAXPAURGBI@@0H@Z 1001ba10 f     raster.obj
 0001:0001aa70       ?IndexToRGB@CRaster@@AAEXHPAURGBI@@@Z 1001ba70 f i   raster.obj
 0001:0001aab0       ?RGBToIndex@CRaster@@AAEHPAURGBI@@@Z 1001bab0 f i   raster.obj
 0001:0001aaf0       ?DrawRGBAPixel@CRaster@@AAEXJPAURGBI@@@Z 1001baf0 f i   raster.obj
 0001:0001ab90       ?DrawRGBASlab@CRaster@@AAEXJJPAURGBI@@@Z 1001bb90 f     raster.obj
 0001:0001abf0       ?SetUp@RColor@@QAEXPAVCRaster@@@Z 1001bbf0 f     raster.obj
 0001:0001ac20       ?FreeCache@RColor@@QAEXXZ  1001bc20 f     raster.obj
 0001:0001ac90       ?PinColor@@YAHH@Z          1001bc90 f i   raster.obj
 0001:0001acb0       ?ExpandPat@@YAXHHKKHHPAK@Z 1001bcb0 f     raster.obj
 0001:0001aee0       ?BuildMapChannel@@YAXHHPAE@Z 1001bee0 f     raster.obj
 0001:0001af30       ?ApplyColorMap@@YAXPAURColorMap@@PAURGBI@@@Z 1001bf30 f     raster.obj
 0001:0001b010       ?ApplyColorMap@@YAXPAURColorMap@@PAURGBI@@H@Z 1001c010 f     raster.obj
 0001:0001b130       ?StepLine@@YAXPAURActiveEdge@@J@Z 1001c130 f     raster.obj
 0001:0001b150       ?StepCurve@@YAXPAURActiveEdge@@J@Z 1001c150 f     raster.obj
 0001:0001b1b0       ?StepCurveInterpolate@@YAXPAURActiveEdge@@J@Z 1001c1b0 f     raster.obj
 0001:0001b260       ?SetUp@RActiveEdge@@QAEXPAUREdge@@JH@Z 1001c260 f     raster.obj
 0001:0001b3e0       ?Init@RRun@@QAEXJJ@Z       1001c3e0 f i   raster.obj
 0001:0001b410       ?AddColor@RRun@@QAEXPAURColor@@@Z 1001c410 f i   raster.obj
 0001:0001b4a0       ?CalcColor@RRun@@QAEXJJPAURGBI@@@Z 1001c4a0 f     raster.obj
 0001:0001b690       ?Split@RRun@@QAEPAU1@PAVCRaster@@J@Z 1001c690 f i   raster.obj
 0001:0001b720       ?Init@RPixel@@QAEXPAVCRaster@@J@Z 1001c720 f i   raster.obj
 0001:0001b740       ?Paint@RPixel@@QAEXXZ      1001c740 f i   raster.obj
 0001:0001b790       ?Add@RPixel@@QAEXPAURGBI@@HJH@Z 1001c790 f i   raster.obj
 0001:0001b800       ??0CRaster@@QAE@XZ         1001c800 f     raster.obj
 0001:0001b900       ??1CRaster@@QAE@XZ         1001c900 f     raster.obj
 0001:0001b9a0       ?FreeEmpties@CRaster@@QAEXXZ 1001c9a0 f     raster.obj
 0001:0001b9d0       ?BitsValid@CRaster@@QAEHXZ 1001c9d0 f     raster.obj
 0001:0001b9f0       ?Attach@CRaster@@QAEXPAVCBitBuffer@@PAUSRECT@@H@Z 1001c9f0 f     raster.obj
 0001:0001bb20       ?UseAlphaChannel@CRaster@@QAEXXZ 1001cb20 f     raster.obj
 0001:0001bb40       ?BeginPaint@CRaster@@QAEXXZ 1001cb40 f     raster.obj
 0001:0001bba0       ?AddEdges@CRaster@@QAEXPAUREdge@@@Z 1001cba0 f     raster.obj
 0001:0001bbf0       ?AddEdges@CRaster@@QAEXPAUREdge@@PAURColor@@1@Z 1001cbf0 f     raster.obj
 0001:0001bc30       ?AddActive@CRaster@@AAEXXZ 1001cc30 f     raster.obj
 0001:0001bce0       ?SortActive@CRaster@@AAEXXZ 1001cce0 f     raster.obj
 0001:0001bd60       ?GetBackground1@@YAXPAVCRaster@@JJPAURGBI@@@Z 1001cd60 f     raster.obj
 0001:0001be00       ?GetBackground2@@YAXPAVCRaster@@JJPAURGBI@@@Z 1001ce00 f     raster.obj
 0001:0001bea0       ?GetBackground4@@YAXPAVCRaster@@JJPAURGBI@@@Z 1001cea0 f     raster.obj
 0001:0001bf40       ?GetBackground8@@YAXPAVCRaster@@JJPAURGBI@@@Z 1001cf40 f     raster.obj
 0001:0001bfc0       ?GetBackground16@@YAXPAVCRaster@@JJPAURGBI@@@Z 1001cfc0 f     raster.obj
 0001:0001c040       ?GetBackground16A@@YAXPAVCRaster@@JJPAURGBI@@@Z 1001d040 f     raster.obj
 0001:0001c0c0       ?GetBackground24@@YAXPAVCRaster@@JJPAURGBI@@@Z 1001d0c0 f     raster.obj
 0001:0001c120       ?GetBackground32@@YAXPAVCRaster@@JJPAURGBI@@@Z 1001d120 f     raster.obj
 0001:0001c190       ?GetBackgroundWhite@@YAXPAVCRaster@@JJPAURGBI@@@Z 1001d190 f     raster.obj
 0001:0001c1e0       ?SetYCoord@CRaster@@AAEXJ@Z 1001d1e0 f     raster.obj
 0001:0001c240       ?DitherRGBSlabNone@@YAXPAVCRaster@@JJPAURGBI@@PAE@Z 1001d240 f     raster.obj
 0001:0001c2a0       ?DitherRGBSlabOrdered@@YAXPAVCRaster@@JJPAURGBI@@PAE@Z 1001d2a0 f     raster.obj
 0001:0001c340       ?DitherRGBSlabErrorDiffusion@@YAXPAVCRaster@@JJPAURGBI@@PAE@Z 1001d340 f     raster.obj
 0001:0001c530       ?ApplyRGBPattern@@YAXHHHHPAURGBI@@@Z 1001d530 f     raster.obj
 0001:0001c610       ?DrawRGBSlab1@@YAXPAVCRaster@@JJPAURGBI@@@Z 1001d610 f     raster.obj
 0001:0001c6e0       ?DrawRGBSlab2@@YAXPAVCRaster@@JJPAURGBI@@@Z 1001d6e0 f     raster.obj
 0001:0001c7a0       ?DrawRGBSlab4@@YAXPAVCRaster@@JJPAURGBI@@@Z 1001d7a0 f     raster.obj
 0001:0001c860       ?DrawRGBSlab8@@YAXPAVCRaster@@JJPAURGBI@@@Z 1001d860 f     raster.obj
 0001:0001c890       ?DrawRGBSlab16@@YAXPAVCRaster@@JJPAURGBI@@@Z 1001d890 f     raster.obj
 0001:0001c980       ?DrawRGBSlab16A@@YAXPAVCRaster@@JJPAURGBI@@@Z 1001d980 f     raster.obj
 0001:0001cac0       ?DrawRGBSlab24@@YAXPAVCRaster@@JJPAURGBI@@@Z 1001dac0 f     raster.obj
 0001:0001cb20       ?DrawRGBSlab32@@YAXPAVCRaster@@JJPAURGBI@@@Z 1001db20 f     raster.obj
 0001:0001cb80       ?DrawRGBSlab32A@@YAXPAVCRaster@@JJPAURGBI@@@Z 1001db80 f     raster.obj
 0001:0001cbe0       ?Blt8to8D@@YAXUBltInfo@@AAUSPOINT@@HPAE@Z 1001dbe0 f     raster.obj
 0001:0001cd80       ?Blt8to16@@YAXUBltInfo@@AAUSPOINT@@HPAG@Z 1001dd80 f     raster.obj
 0001:0001ce90       ?Blt8to16A@@YAXUBltInfo@@AAUSPOINT@@HPAG@Z 1001de90 f     raster.obj
 0001:0001cfa0       ?Blt8to32@@YAXUBltInfo@@AAUSPOINT@@HPAK@Z 1001dfa0 f     raster.obj
 0001:0001d070       ?Blt16to8D@@YAXUBltInfo@@AAUSPOINT@@HPAE@Z 1001e070 f     raster.obj
 0001:0001d200       ?Blt16to16@@YAXUBltInfo@@AAUSPOINT@@HPAG@Z 1001e200 f     raster.obj
 0001:0001d2f0       ?Blt16to16A@@YAXUBltInfo@@AAUSPOINT@@HPAG@Z 1001e2f0 f     raster.obj
 0001:0001d3a0       ?Blt16to32@@YAXUBltInfo@@AAUSPOINT@@HPAK@Z 1001e3a0 f     raster.obj
 0001:0001d490       ?Blt32to8D@@YAXUBltInfo@@AAUSPOINT@@HPAE@Z 1001e490 f     raster.obj
 0001:0001d610       ?Blt32to16@@YAXUBltInfo@@AAUSPOINT@@HPAG@Z 1001e610 f     raster.obj
 0001:0001d6f0       ?Blt32to16A@@YAXUBltInfo@@AAUSPOINT@@HPAG@Z 1001e6f0 f     raster.obj
 0001:0001d7d0       ?Blt32to32@@YAXUBltInfo@@AAUSPOINT@@HPAK@Z 1001e7d0 f     raster.obj
 0001:0001d8b0       ?MakeWideColor@@YAKURGB8@@@Z 1001e8b0 f i   raster.obj
 0001:0001d8e0       ?Pix16ToWide@@YAKK@Z       1001e8e0 f i   raster.obj
 0001:0001d920       ?Pix32ToWide@@YAKK@Z       1001e920 f i   raster.obj
 0001:0001d950       ?WideToRGBI@@YAXKPAURGBI@@@Z 1001e950 f i   raster.obj
 0001:0001d980       ?Blt8toIS@@YAXUBltInfo@@AAUSPOINT@@HPAURGBI@@@Z 1001e980 f     raster.obj
 0001:0001db30       ?Blt16toIS@@YAXUBltInfo@@AAUSPOINT@@HPAURGBI@@@Z 1001eb30 f     raster.obj
 0001:0001dcf0       ?Blt32toIS@@YAXUBltInfo@@AAUSPOINT@@HPAURGBI@@@Z 1001ecf0 f     raster.obj
 0001:0001de70       ?Blt8toISA@@YAXUBltInfo@@AAUSPOINT@@HPAURGBI@@@Z 1001ee70 f     raster.obj
 0001:0001e090       ?Blt16toISA@@YAXUBltInfo@@AAUSPOINT@@HPAURGBI@@@Z 1001f090 f     raster.obj
 0001:0001e2b0       ?Blt32toISA@@YAXUBltInfo@@AAUSPOINT@@HPAURGBI@@@Z 1001f2b0 f     raster.obj
 0001:0001e4b0       ?BltXtoI@@YAXUBltInfo@@AAUSPOINT@@HPAURGBI@@@Z 1001f4b0 f     raster.obj
 0001:0001e4c0       ?Blt8toI@@YAXUBltInfo@@AAUSPOINT@@HPAURGBI@@@Z 1001f4c0 f     raster.obj
 0001:0001e5b0       ?Blt16toI@@YAXUBltInfo@@AAUSPOINT@@HPAURGBI@@@Z 1001f5b0 f     raster.obj
 0001:0001e6c0       ?Blt32toI@@YAXUBltInfo@@AAUSPOINT@@HPAURGBI@@@Z 1001f6c0 f     raster.obj
 0001:0001e7b0       ?DrawBitmapSlab@@YAXPAURColor@@JJ@Z 1001f7b0 f     raster.obj
 0001:0001ed90       ?BuildBitmapSlab@@YAXPAURColor@@JJPAURGBI@@@Z 1001fd90 f     raster.obj
 0001:0001f0e0       ?CalcBitmapPixel@@YAXPAURColor@@JPAURGBI@@@Z 100200e0 f     raster.obj
 0001:0001f1f0       ?CalcSolidPixel@@YAXPAURColor@@JPAURGBI@@@Z 100201f0 f     raster.obj
 0001:0001f210       ?BuildSolidSlab@@YAXPAURColor@@JJPAURGBI@@@Z 10020210 f     raster.obj
 0001:0001f240       ?CalcGradientPixel@@YAXPAURColor@@JPAURGBI@@@Z 10020240 f     raster.obj
 0001:0001f2f0       ?BuildLinearGradientSlab@@YAXPAURColor@@JJPAURGBI@@@Z 100202f0 f     raster.obj
 0001:0001f3b0       ?BuildRadialGradientSlab@@YAXPAURColor@@JJPAURGBI@@@Z 100203b0 f     raster.obj
 0001:0001f500       ?BuildGradientSlab@@YAXPAURColor@@JJPAURGBI@@@Z 10020500 f     raster.obj
 0001:0001f520       ?DrawGradientSlab@@YAXPAURColor@@JJ@Z 10020520 f     raster.obj
 0001:0001f5c0       ?CompositeSolidSlab@@YAXPAURColor@@JJPAURGBI@@@Z 100205c0 f     raster.obj
 0001:0001f5e0       ?CompositeGradientSlab@@YAXPAURColor@@JJPAURGBI@@@Z 100205e0 f     raster.obj
 0001:0001f640       ?CompositeBitmapSlab@@YAXPAURColor@@JJPAURGBI@@@Z 10020640 f     raster.obj
 0001:0001f690       ?DrawSolidSlab@@YAXPAKKJ@Z 10020690 f i   raster.obj
 0001:0001f740       ?DrawSolidSlab1@@YAXPAURColor@@JJ@Z 10020740 f     raster.obj
 0001:0001f7a0       ?DrawSolidSlab2@@YAXPAURColor@@JJ@Z 100207a0 f     raster.obj
 0001:0001f800       ?DrawSolidSlab4@@YAXPAURColor@@JJ@Z 10020800 f     raster.obj
 0001:0001f860       ?DrawSolidSlab8@@YAXPAURColor@@JJ@Z 10020860 f     raster.obj
 0001:0001f8d0       ?DrawSolidSlab16@@YAXPAURColor@@JJ@Z 100208d0 f     raster.obj
 0001:0001f980       ?DrawSolidSlab24@@YAXPAURColor@@JJ@Z 10020980 f     raster.obj
 0001:0001fa00       ?DrawSolidSlab32@@YAXPAURColor@@JJ@Z 10020a00 f     raster.obj
 0001:0001fa80       ?DrawDitherSlab@@YAXPAURColor@@JJ@Z 10020a80 f     raster.obj
 0001:0001fb30       ?Clear@ColorTransform@@QAEXXZ 10020b30 f     raster.obj
 0001:0001fb60       ?ApplyChannel@@YAHHHH@Z    10020b60 f     raster.obj
 0001:0001fb90       ?ApplyChannelB@@YAHHHH@Z   10020b90 f     raster.obj
 0001:0001fbc0       ?Apply@ColorTransform@@QAEXPAURGBI@@H@Z 10020bc0 f     raster.obj
 0001:0001fd90       ?Apply@ColorTransform@@QAEXPAUGradColorRamp@@@Z 10020d90 f     raster.obj
 0001:0001fe90       ?CalcFlags@ColorTransform@@QAEXXZ 10020e90 f     raster.obj
 0001:0001fee0       ?Concat@ColorTransform@@QAEXPAV1@@Z 10020ee0 f     raster.obj
 0001:0001ffa0       ?Apply@ColorTransform@@QAE?ATSRGB@@T2@@Z 10020fa0 f     raster.obj
 0001:000200b0       ?Equal@@YAHPAVColorTransform@@0@Z 100210b0 f     raster.obj
 0001:00020120       ?BuildCache@RColor@@QAEXXZ 10021120 f     raster.obj
 0001:00020930       ?CompositeSlab@CRaster@@AAEXJJPAPAURColor@@H@Z 10021930 f     raster.obj
 0001:00020b00       ?PaintSlab@CRaster@@AAEXJ@Z 10021b00 f     raster.obj
 0001:00020c70       ?ShowColor@CRaster@@AAEXPAURColor@@J@Z 10021c70 f i   raster.obj
 0001:00020cd0       ?HideColor@CRaster@@AAEXPAURColor@@J@Z 10021cd0 f i   raster.obj
 0001:00020d20       ?DoEdgeEdgeRule@@YAXPAVCRaster@@PAURActiveEdge@@@Z 10021d20 f     raster.obj
 0001:00020d90       ?DoEdgeEvenOddRule@@YAXPAVCRaster@@PAURActiveEdge@@@Z 10021d90 f     raster.obj
 0001:00020dd0       ?DoEdgeWindingRule@@YAXPAVCRaster@@PAURActiveEdge@@@Z 10021dd0 f     raster.obj
 0001:00020e20       ?PaintActive@CRaster@@AAEXXZ 10021e20 f     raster.obj
 0001:00020f00       ?PaintAARuns@CRaster@@AAEXXZ 10021f00 f     raster.obj
 0001:000212c0       ?PaintBits@CRaster@@QAEXXZ 100222c0 f     raster.obj
 0001:00021380       ?Flush@CRaster@@QAEXXZ     10022380 f     raster.obj
 0001:000213a0       ?FillBackground@CRaster@@QAEXTSRGB@@@Z 100223a0 f     raster.obj
 0001:000215e0       ?SBitmapBitsPerPixel@@YAHH@Z 100225e0 f     sbitmap.obj
 0001:00021630       ?SBitmapCalcRowbytes@@YAHHH@Z 10022630 f     sbitmap.obj
 0001:000216b0       ?GetRGBPixel@SBitmapCore@@QAEXHHPAURGBI@@@Z 100226b0 f     sbitmap.obj
 0001:00021800       ?GetSSRGBPixel@SBitmapCore@@QAEXJJPAURGBI@@@Z 10022800 f     sbitmap.obj
 0001:00021ca0       ?PIInit@SBitmapCore@@QAEXXZ 10022ca0 f     sbitmap.obj
 0001:00021cb0       ?HasTransparent@@YAHPAUSColorTable@@@Z 10022cb0 f     sbitmap.obj
 0001:00021ce0       ?PICreate@SBitmapCore@@QAEHHHHPAUSColorTable@@H@Z 10022ce0 f     sbitmap.obj
 0001:00021db0       ?PIFree@SBitmapCore@@QAEXXZ 10022db0 f     sbitmap.obj
 0001:00021de0       ?SBitmapSwapBits@@YAXPAXJH@Z 10022de0 f     sbitmap.obj
 0001:00021e70       ?Clear@STransform@@QAEXXZ  10022e70 f i   sdisplay.obj
 0001:00021e90       ?Equal@@YAHPAUSTransform@@0@Z 10022e90 f i   sdisplay.obj
 0001:00021ed0       ??0PlaceInfo@@QAE@XZ       10022ed0 f i   sdisplay.obj
 0001:00021ef0       ?FreeEdge@DisplayList@@QAEXPAUREdge@@@Z 10022ef0 f i   sdisplay.obj
 0001:00021f00       ?CreateObject@DisplayList@@QAEPAUSObject@@XZ 10022f00 f i   sdisplay.obj
 0001:00021f10       ?FreeObject@DisplayList@@QAEXPAUSObject@@@Z 10022f10 f i   sdisplay.obj
 0001:00021f20       ?ScriptAddRefCount@ScriptPlayer@@QAEHXZ 10022f20 f i   sdisplay.obj
 0001:00021f50       ??0URLBuilder@@QAE@XZ      10022f50 f i   sdisplay.obj
 0001:00021f60       ??1URLBuilder@@QAE@XZ      10022f60 f i   sdisplay.obj
 0001:00021f70       ?AddThread@DisplayList@@QAEXPAVScriptThread@@@Z 10022f70 f     sdisplay.obj
 0001:00021f90       ?RectArea@@YAJPAUSRECT@@@Z 10022f90 f     sdisplay.obj
 0001:00021fb0       ?UnionArea@@YAJPAUSRECT@@0@Z 10022fb0 f i   sdisplay.obj
 0001:00021fe0       ?RectTestOverlap@@YAHPAUSRECT@@0@Z 10022fe0 f     sdisplay.obj
 0001:00022010       ?MergeDirtyList@DisplayList@@QAEHH@Z 10023010 f     sdisplay.obj
 0001:000221c0       ?DecomposeRect@@YAXPAUSRECT@@0@Z 100231c0 f     sdisplay.obj
 0001:00022370       ?DecomposeDirtyList@DisplayList@@QAEXXZ 10023370 f     sdisplay.obj
 0001:00022410       ?InvalidateRect@DisplayList@@QAEXPAUSRECT@@@Z 10023410 f     sdisplay.obj
 0001:00022510       ?FreeCache@@YAXPAUSObject@@@Z 10023510 f     sdisplay.obj
 0001:00022540       ?FreeCache@DisplayList@@QAEXXZ 10023540 f     sdisplay.obj
 0001:000225a0       ?UpdateDevViewRect@DisplayList@@QAEXXZ 100235a0 f     sdisplay.obj
 0001:00022630       ?CalcBitsDirty@DisplayList@@QAEXPAUSRECT@@0@Z 10023630 f     sdisplay.obj
 0001:000226a0       ?UpdateRect@DisplayList@@QAEXPAUSRECT@@@Z 100236a0 f     sdisplay.obj
 0001:00022a50       ?CalcUpdate@DisplayList@@QAEXXZ 10023a50 f     sdisplay.obj
 0001:00022a80       ?Update@DisplayList@@QAEXXZ 10023a80 f     sdisplay.obj
 0001:00022b30       ?MoveObject@DisplayList@@QAEPAUSObject@@PAU2@PAUPlaceInfo@@@Z 10023b30 f     sdisplay.obj
 0001:00022c10       ?DoRemove@DisplayList@@QAEXPAPAUSObject@@@Z 10023c10 f     sdisplay.obj
 0001:00022c70       ?RemoveObject@DisplayList@@QAEXPAUSObject@@G@Z 10023c70 f     sdisplay.obj
 0001:00022cb0       ?BeginHold@DisplayList@@QAEXPAUSObject@@@Z 10023cb0 f     sdisplay.obj
 0001:00022cd0       ?FinishHold@DisplayList@@QAEXXZ 10023cd0 f     sdisplay.obj
 0001:00022ef0       ?HitTest@DisplayList@@QAEPAUSObject@@PAUSPOINT@@@Z 10023ef0 f     sdisplay.obj
 0001:00022f60       ?HitButton@DisplayList@@QAEPAUSObject@@PAUSPOINT@@@Z 10023f60 f     sdisplay.obj
 0001:00022ff0       ??0ActionList@@QAE@XZ      10023ff0 f     sdisplay.obj
 0001:00023030       ??1ActionList@@QAE@XZ      10024030 f     sdisplay.obj
 0001:00023050       ?RemoveThread@ActionList@@QAEXPAVScriptThread@@@Z 10024050 f     sdisplay.obj
 0001:00023090       ?PushAction@ActionList@@QAEXPAEPAVScriptThread@@@Z 10024090 f     sdisplay.obj
 0001:000231a0       ?Invalidate@DisplayList@@QAEXXZ 100241a0 f i   sdisplay.obj
 0001:000231b0       ?PushAction@DisplayList@@QAEXPAEPAVScriptThread@@@Z 100241b0 f i   sdisplay.obj
 0001:000231c0       ?SetDisplay@ScriptThread@@QAEXPAVDisplayList@@@Z 100241c0 f i   sdisplay.obj
 0001:000231e0       ??0DisplayList@@QAE@XZ     100241e0 f     sdisplay.obj
 0001:00023430       ??1DisplayList@@QAE@XZ     10024430 f     sdisplay.obj
 0001:00023510       ?RemoveThread@DisplayList@@QAEXPAVScriptThread@@@Z 10024510 f     sdisplay.obj
 0001:00023590       ?Reset@DisplayList@@QAEXXZ 10024590 f     sdisplay.obj
 0001:000235c0       ?SetBits@DisplayList@@QAEXPAVCBitBuffer@@@Z 100245c0 f     sdisplay.obj
 0001:000235f0       ?ModifyCamera@DisplayList@@QAEXXZ 100245f0 f     sdisplay.obj
 0001:00023610       ?SetBackgroundColor@DisplayList@@QAEXTSRGB@@H@Z 10024610 f     sdisplay.obj
 0001:00023650       ?PlaceObject@DisplayList@@QAEPAUSObject@@PAU2@PAUPlaceInfo@@@Z 10024650 f     sdisplay.obj
 0001:00023ab0       ?UpdateButton@DisplayList@@QAEXPAUSObject@@H@Z 10024ab0 f     sdisplay.obj
 0001:00023cf0       ?DoButtonAction@DisplayList@@QAEXPAUSObject@@H@Z 10024cf0 f     sdisplay.obj
 0001:00023df0       ?DoButtonStateTransition@DisplayList@@QAEXPAUSObject@@H@Z 10024df0 f     sdisplay.obj
 0001:00023ee0       ?SetButton@DisplayList@@QAEHPAUSObject@@H@Z 10024ee0 f     sdisplay.obj
 0001:00024220       ?SetCamera@DisplayList@@QAEXPAUSRECT@@0HH@Z 10025220 f     sdisplay.obj
 0001:00024490       ?Get@REdge@@QAEXPAUCURVE@@@Z 10025490 f i   sobject.obj
 0001:000244d0       ?Concat@STransform@@QAEXPAU1@@Z 100254d0 f i   sobject.obj
 0001:00024500       ?FreeColor@DisplayList@@QAEXPAURColor@@@Z 10025500 f i   sobject.obj
 0001:00024520       ?CreateEdge@DisplayList@@QAEPAUREdge@@XZ 10025520 f i   sobject.obj
 0001:00024530       ?GetDWord@SParser@@QAEKXZ  10025530 f i   sobject.obj
 0001:00024560       ?Interpolate@@YAXPAUSPOINT@@0J0@Z 10025560 f i   sobject.obj
 0001:000245c0       ?ResolveFontName@@YAXPADPBD@Z 100255c0 f     sobject.obj
 0001:00024690       ?AddCurve@SCharacterParser@@QAEXPAUCURVE@@@Z 10025690 f     sobject.obj
 0001:00024950       ?CreateClipColor@@YAPAURColor@@PAVDisplayList@@PAPAU1@@Z 10025950 f     sobject.obj
 0001:000249b0       ?MakeClipper@SCharacterParser@@QAEXXZ 100259b0 f     sobject.obj
 0001:00024a10       ?BuildEdges@SCharacterParser@@QAEXHPAUSRECT@@@Z 10025a10 f     sobject.obj
 0001:00024c20       ?BuildMorphEdges@SCharacterParser@@QAEXPAUSRECT@@@Z 10025c20 f     sobject.obj
 0001:00025010       ?FreeCache@SObject@@QAEXXZ 10026010 f     sobject.obj
 0001:00025080       ??_GEditText@@QAEPAXI@Z    10026080 f i   sobject.obj
 0001:000250a0       ??_GScriptThread@@QAEPAXI@Z 100260a0 f i   sobject.obj
 0001:000250c0       ??_GScriptPlayer@@QAEPAXI@Z 100260c0 f i   sobject.obj
 0001:000250e0       ?CalcDevBounds@SObject@@QAEXPAUMATRIX@@@Z 100260e0 f     sobject.obj
 0001:00025160       ?EditTextMouse@SObject@@QAEXPAUSPOINT@@H@Z 10026160 f     sobject.obj
 0001:00025170       ?DrawEditText@SObject@@QAEHPAUSTransform@@@Z 10026170 f     sobject.obj
 0001:00025190       ?Modify@SObject@@QAEXXZ    10026190 f     sobject.obj
 0001:000251b0       ?CalcUpdate@SObject@@QAEXPAUMATRIX@@H@Z 100261b0 f     sobject.obj
 0001:00025240       ?CalcButtonBounds@SObject@@QAEXPAUSRECT@@@Z 10026240 f     sobject.obj
 0001:00025480       ?GetBoundingBox@@YAXPAUSObject@@PAUMATRIX@@PAUSRECT@@@Z 10026480 f     sobject.obj
 0001:000254f0       ?GetBoundingBox@@YAXPAUSObject@@PAUSRECT@@@Z 100264f0 f     sobject.obj
 0001:00025520       ?AddRectEdge@@YAXPAUSPOINT@@0PAURColor@@PAVDisplayList@@PAPAUREdge@@PAVSStroker@@@Z 10026520 f     sobject.obj
 0001:000255f0       ?AddRect@@YAXPAUSRECT@@PAUMATRIX@@PAURColor@@PAVDisplayList@@PAPAUREdge@@PAVSStroker@@@Z 100265f0 f     sobject.obj
 0001:00025700       ?Free@SObject@@QAEXXZ      10026700 f     sobject.obj
 0001:00025870       ?BuildEdges@SObject@@QAEXPAUSTransform@@@Z 10026870 f     sobject.obj
 0001:00025e10       ?ScrollEditText@SObject@@QAEHPAVScriptThread@@PADHAAH@Z 10026e10 f     sobject.obj
 0001:00025f50       ?UpdateEditText@SObject@@QAEXPAVScriptThread@@PAD1H@Z 10026f50 f     sobject.obj
 0001:00026000       ?HitTestOne@SObject@@QAEHPAUSTransform@@PAUSPOINT@@@Z 10027000 f     sobject.obj
 0001:00026190       ?FreeChildren@SObject@@QAEXXZ 10027190 f     sobject.obj
 0001:00026200       ?DrawClipBracket@SObject@@QAEPAU1@PAVCRaster@@USTransform@@PAURColor@@@Z 10027200 f     sobject.obj
 0001:00026300       ?HitClipper@SObject@@QAEPAU1@USTransform@@PAUSPOINT@@@Z 10027300 f     sobject.obj
 0001:00026360       ?Draw@SObject@@QAEXPAVCRaster@@USTransform@@PAURColor@@@Z 10027360 f     sobject.obj
 0001:00026420       ?HitTest@SObject@@QAEXAAPAU1@USTransform@@PAUSPOINT@@@Z 10027420 f     sobject.obj
 0001:000264b0       ?HitButton@SObject@@QAEXAAPAU1@USTransform@@PAUSPOINT@@@Z 100274b0 f     sobject.obj
 0001:00026800       ?HasTransparency@ColorTransform@@QAEHXZ 10027800 f i   splay.obj
 0001:00026820       ?AttachData@ScriptThread@@QAEPAEJJ@Z 10027820 f i   splay.obj
 0001:00026830       ?ReleaseData@ScriptThread@@QAEXAAPAE@Z 10027830 f i   splay.obj
 0001:00026840       ?GetFrame@ScriptThread@@QAEHXZ 10027840 f i   splay.obj
 0001:00026850       ?ScriptSubRefCount@ScriptPlayer@@QAEHXZ 10027850 f i   splay.obj
 0001:00026880       ?CreateCharacter@ScriptPlayer@@QAEPAUSCharacter@@XZ 10027880 f i   splay.obj
 0001:00026890       ?ScriptComplete@ScriptPlayer@@QAEHXZ 10027890 f i   splay.obj
 0001:000268b0       ?GetTag@SParser@@QAEHJ@Z   100278b0 f     splay.obj
 0001:00026960       ?GetData@SParser@@QAEJPAXJ@Z 10027960 f     splay.obj
 0001:000269a0       ?GetColor@SParser@@QAEXPAURGBI@@H@Z 100279a0 f     splay.obj
 0001:00026a20       ?GetColor@SParser@@QAE?ATSRGB@@H@Z 10027a20 f     splay.obj
 0001:00026a80       ?GetStringP@SParser@@QAEPADXZ 10027a80 f     splay.obj
 0001:00026ab0       ?InitBits@SParser@@QAEXXZ  10027ab0 f     splay.obj
 0001:00026ac0       ?GetBits@SParser@@QAEKH@Z  10027ac0 f     splay.obj
 0001:00026b40       ?GetSBits@SParser@@QAEJH@Z 10027b40 f     splay.obj
 0001:00026b70       ??0SShapeParser@@QAE@PAVScriptPlayer@@PAEJPAUMATRIX@@@Z 10027b70 f     splay.obj
 0001:00026c40       ??1SShapeParser@@QAE@XZ    10027c40 f     splay.obj
 0001:00026ca0       ?SetupColor@SShapeParser@@QAEXPAURColor@@@Z 10027ca0 f     splay.obj
 0001:00026eb0       ?ClearState@ScriptThread@@QAEXXZ 10027eb0 f     splay.obj
 0001:00026ee0       ?CloneSprite@ScriptThread@@QAEXPAV1@PADH@Z 10027ee0 f     splay.obj
 0001:00027040       ?RemoveObject@ScriptThread@@QAEXXZ 10028040 f     splay.obj
 0001:00027190       ?ReadJPEGTables@@YAXPAUJPEGPlayState@@PAVSParser@@@Z 10028190 f     splay.obj
 0001:00027210       ?ReadJPEGImage@@YAXPAUJPEGPlayState@@PAUSCharacter@@H@Z 10028210 f     splay.obj
 0001:00027310       ?DefineJPEGTables@ScriptThread@@QAEXXZ 10028310 f     splay.obj
 0001:00027360       ?BuildBits@ScriptThread@@QAEXPAUSCharacter@@@Z 10028360 f     splay.obj
 0001:00027750       ?StopPlay@ScriptThread@@QAEXXZ 10028750 f     splay.obj
 0001:00027760       ?FreeCharacter@ScriptPlayer@@QAEXPAUSCharacter@@@Z 10028760 f     splay.obj
 0001:00027790       ?FreeCache@ScriptPlayer@@QAEXXZ 10028790 f     splay.obj
 0001:000277f0       ?FreeAll@ScriptPlayer@@QAEXXZ 100287f0 f     splay.obj
 0001:000278c0       ?FindCharacter@ScriptPlayer@@QAEPAUSCharacter@@G@Z 100288c0 f     splay.obj
 0001:000278f0       ?CreateCharacter@ScriptPlayer@@QAEPAUSCharacter@@G@Z 100288f0 f     splay.obj
 0001:00027970       ?FreeCharacter@ScriptPlayer@@QAEXG@Z 10028970 f     splay.obj
 0001:000279d0       ?MyLdExp@@YANNH@Z          100289d0 f     splay.obj
 0001:00027a20       ?CubeRoot@@YANN@Z          10028a20 f     splay.obj
 0001:00027b60       ?SkipPrefix@@YAPADPAD0@Z   10028b60 f     splay.obj
 0001:00027bb0       ?StrEqual@@YAHPBD0@Z       10028bb0 f     splay.obj
 0001:00027be0       ?ToInt@@YAHPBD@Z           10028be0 f     splay.obj
 0001:00027c10       ?FreeStr@@YAXPAD@Z         10028c10 f     splay.obj
 0001:00027c20       ?CreateStr@@YAPADPBD@Z     10028c20 f     splay.obj
 0001:00027c70       ?CreateStr@@YAPADPBDH@Z    10028c70 f     splay.obj
 0001:00027cb0       ?FindVariable@ScriptThread@@QAEPAVScriptVariable@@PAD@Z 10028cb0 f     splay.obj
 0001:00027d00       ?SetVariable@ScriptThread@@QAEXPAD0H@Z 10028d00 f     splay.obj
 0001:00027df0       ?GetRect@SParser@@QAEXPAUSRECT@@@Z 10028df0 f     splay.obj
 0001:00027e80       ?GetMatrix@SParser@@QAEXPAUMATRIX@@@Z 10028e80 f     splay.obj
 0001:00027fa0       ?GetColorTransform@SParser@@QAEXPAVColorTransform@@H@Z 10028fa0 f     splay.obj
 0001:00028100       ?GetString@SParser@@QAEPADXZ 10029100 f     splay.obj
 0001:00028160       ?GetStyles@SShapeParser@@QAEHXZ 10029160 f     splay.obj
 0001:000285e0       ?GetMorphStyles@SShapeParser@@QAEHXZ 100295e0 f     splay.obj
 0001:00028c30       ?GetEdge@SShapeParser@@QAEHPAUCURVE@@@Z 10029c30 f     splay.obj
 0001:00028ee0       ??0ScriptThread@@QAE@XZ    10029ee0 f     splay.obj
 0001:00028f30       ?ClearVariables@ScriptThread@@QAEXXZ 10029f30 f     splay.obj
 0001:00028f80       ?PlaceObject@ScriptThread@@QAEXXZ 10029f80 f     splay.obj
 0001:00029060       ?PlaceObject2@ScriptThread@@QAEXXZ 1002a060 f     splay.obj
 0001:000291e0       ?RemoveSprite@ScriptThread@@QAEXPAV1@H@Z 1002a1e0 f     splay.obj
 0001:00029370       ?DefineShape@ScriptThread@@QAEXXZ 1002a370 f     splay.obj
 0001:000293c0       ?DefineMorphShape@ScriptThread@@QAEXXZ 1002a3c0 f     splay.obj
 0001:00029420       ?DefineButton@ScriptThread@@QAEXXZ 1002a420 f     splay.obj
 0001:00029490       ?DefineButtonExtra@ScriptThread@@QAEXH@Z 1002a490 f     splay.obj
 0001:00029510       ?DefineSprite@ScriptThread@@QAEXXZ 1002a510 f     splay.obj
 0001:00029570       ?DefineBits@ScriptThread@@QAEXXZ 1002a570 f     splay.obj
 0001:000295c0       ?DefineFont@ScriptThread@@QAEXXZ 1002a5c0 f     splay.obj
 0001:00029610       ?DefineFont2@ScriptThread@@QAEXXZ 1002a610 f     splay.obj
 0001:000296a0       ?DefineFontInfo@ScriptThread@@QAEXXZ 1002a6a0 f     splay.obj
 0001:00029700       ?DefineText@ScriptThread@@QAEXXZ 1002a700 f     splay.obj
 0001:00029760       ?DefineEditText@ScriptThread@@QAEXXZ 1002a760 f     splay.obj
 0001:000297e0       ?DoTag@ScriptThread@@QAEHXZ 1002a7e0 f     splay.obj
 0001:00029a80       ?DoTags@ScriptThread@@QAEHH@Z 1002aa80 f     splay.obj
 0001:00029ab0       ?DrawFrame@ScriptThread@@QAEHHH@Z 1002aab0 f     splay.obj
 0001:00029c50       ?DoFrame@ScriptThread@@QAEXHH@Z 1002ac50 f     splay.obj
 0001:00029d70       ?Seek@ScriptThread@@QAEXH@Z 1002ad70 f     splay.obj
 0001:00029d90       ?FindLabel@ScriptThread@@QAEHPAD@Z 1002ad90 f     splay.obj
 0001:00029e20       ?ClearScript@ScriptPlayer@@QAEXXZ 1002ae20 f     splay.obj
 0001:00029ee0       ?PushDataBuf@ScriptPlayer@@QAEXPAEJ@Z 1002aee0 f     splay.obj
 0001:0002a170       ?PushDataComplete@ScriptPlayer@@QAEXXZ 1002b170 f     splay.obj
 0001:0002a1f0       ??1ScriptThread@@QAE@XZ    1002b1f0 f     splay.obj
 0001:0002a210       ?Play@ScriptThread@@QAEXH@Z 1002b210 f     splay.obj
 0001:0002a250       ??0ScriptPlayer@@QAE@XZ    1002b250 f     splay.obj
 0001:0002a360       ??1ScriptPlayer@@QAE@XZ    1002b360 f     splay.obj
 0001:0002a3f0       ?SetDataComplete@ScriptPlayer@@QAEXXZ 1002b3f0 f     splay.obj
 0001:0002a580       ?strchr@@YAPADPADH@Z       1002b580 f i   splayer.obj
 0001:0002a590       ?CalcBitsDirty@DisplayList@@QAEXPAUSRECT@@@Z 1002b590 f i   splayer.obj
 0001:0002a5b0       ?AtEnd@ScriptThread@@QAEHXZ 1002b5b0 f i   splayer.obj
 0001:0002a5c0       ?PushData@ScriptPlayer@@QAEXPAEJ@Z 1002b5c0 f i   splayer.obj
 0001:0002a5e0       ?FrameComplete@ScriptPlayer@@QAEHH@Z 1002b5e0 f i   splayer.obj
 0001:0002a600       ?ParseHeader@ScriptPlayer@@QAEHXZ 1002b600 f i   splayer.obj
 0001:0002a620       ??0SButton@@QAE@XZ         1002b620 f i   splayer.obj
 0001:0002a640       ??4SButton@@QAEAAU0@ABU0@@Z 1002b640 f i   splayer.obj
 0001:0002a670       ??4SButton@@QAEAAU0@PBU0@@Z 1002b670 f i   splayer.obj
 0001:0002a6a0       ?CurrentFrame@SPlayer@@QAEHXZ 1002b6a0 f i   splayer.obj
 0001:0002a6b0       ?UnlockBuffer@SPlayer@@QAEXXZ 1002b6b0 f i   splayer.obj
 0001:0002a6c0       ?Play@SPlayer@@QAEXH@Z     1002b6c0 f i   splayer.obj
 0001:0002a6d0       ?StopPlay@SPlayer@@QAEXXZ  1002b6d0 f i   splayer.obj
 0001:0002a6e0       ?XSetCapture@SPlayer@@QAEXXZ 1002b6e0 f i   splayer.obj
 0001:0002a6f0       ?XReleaseCapture@SPlayer@@QAEXXZ 1002b6f0 f i   splayer.obj
 0001:0002a700       ??0ButtonWeight@SPlayer@@QAE@XZ 1002b700 f i   splayer.obj
 0001:0002a710       ?Reset@ButtonOrder@SPlayer@@QAEXXZ 1002b710 f i   splayer.obj
 0001:0002a720       ?RandomFastInit@@YAXPAUTRandomFast@@@Z 1002b720 f     splayer.obj
 0001:0002a750       ?RandomPureHasher@@YAJJ@Z  1002b750 f     splayer.obj
 0001:0002a790       ?Random@@YAJJ@Z            1002b790 f     splayer.obj
 0001:0002a830       ?FindLayer@@YAPAVScriptPlayer@@PAV1@H@Z 1002b830 f     splayer.obj
 0001:0002a860       ?OpenVariableLoader@SPlayer@@QAEPAVScriptPlayer@@HPBD@Z 1002b860 f     splayer.obj
 0001:0002a8f0       ?OpenSprite@SPlayer@@QAEPAVScriptPlayer@@PAVScriptThread@@@Z 1002b8f0 f     splayer.obj
 0001:0002aae0       ?ZoomScale@SPlayer@@QAEXJ@Z 1002bae0 f     splayer.obj
 0001:0002aaf0       ?FreeLayers@SPlayer@@QAEXXZ 1002baf0 f     splayer.obj
 0001:0002ab30       ?FreeBuffer@SPlayer@@QAEXXZ 1002bb30 f     splayer.obj
 0001:0002ab60       ?ConvertStringToInteger@@YAHPBDPAH@Z 1002bb60 f     splayer.obj
 0001:0002ac00       ?PowerOfTen@@YANH@Z        1002bc00 f     splayer.obj
 0001:0002ac30       ?ConvertStringToDouble@@YAHPBDPAN@Z 1002bc30 f     splayer.obj
 0001:0002ad50       ?IsTrue@@YAHPBD@Z          1002bd50 f     splayer.obj
 0001:0002adb0       ?CloneSprite@@YAXPAVScriptThread@@PADH@Z 1002bdb0 f     splayer.obj
 0001:0002ade0       ?GetProperty@SPlayer@@QAENPAVScriptThread@@H@Z 1002bde0 f     splayer.obj
 0001:0002b070       ?IsMachineNameURL@@YAHPBD@Z 1002c070 f     splayer.obj
 0001:0002b0c0       ?PlayerIsMultiByte@@YAHXZ  1002c0c0 f     splayer.obj
 0001:0002b0d0       ?PlayerIsLeadByte@@YAHE@Z  1002c0d0 f     splayer.obj
 0001:0002b0e0       ?PlayerStringLength@@YAHPADH@Z 1002c0e0 f     splayer.obj
 0001:0002b100       ?PlayerStringIndex@@YAPADPADH@Z 1002c100 f     splayer.obj
 0001:0002b110       ?PlayerStringExtract@@YAPADPADHHH@Z 1002c110 f     splayer.obj
 0001:0002b170       ??_GActionList@@QAEPAXI@Z  1002c170 f i   splayer.obj
 0001:0002b190       ?GetMenuState@SPlayer@@QAEXPAUMenuStatus@@@Z 1002c190 f     splayer.obj
 0001:0002b290       ?GetEditMenuState@SPlayer@@QAEXPAUEditMenuStatus@@@Z 1002c290 f     splayer.obj
 0001:0002b310       ?SetMenuState@SPlayer@@QAEXXZ 1002c310 f     splayer.obj
 0001:0002b340       ?GetPopupMenuState@SPlayer@@QAEHXZ 1002c340 f     splayer.obj
 0001:0002b380       ?ControlPlay@SPlayer@@QAEXXZ 1002c380 f     splayer.obj
 0001:0002b3c0       ?ControlLoop@SPlayer@@QAEXXZ 1002c3c0 f     splayer.obj
 0001:0002b3f0       ?Run@SPlayer@@QAEXXZ       1002c3f0 f     splayer.obj
 0001:0002b450       ?Suspend@SPlayer@@QAEXXZ   1002c450 f     splayer.obj
 0001:0002b480       ?LayerNum@@YAHPAD@Z        1002c480 f     splayer.obj
 0001:0002b4c0       ?AppendChar@URLBuilder@@QAEXD@Z 1002c4c0 f     splayer.obj
 0001:0002b530       ?AppendInt@URLBuilder@@QAEXH@Z 1002c530 f     splayer.obj
 0001:0002b630       ?HexChar@@YAHH@Z           1002c630 f     splayer.obj
 0001:0002b650       ?EncodeString@URLBuilder@@QAEXPAD@Z 1002c650 f     splayer.obj
 0001:0002b740       ?AppendString@URLBuilder@@QAEXPAD@Z 1002c740 f     splayer.obj
 0001:0002b7c0       ?EncodeVariables@URLBuilder@@QAEXPAVScriptVariable@@@Z 1002c7c0 f     splayer.obj
 0001:0002b820       ?ParseHexChar@@YAHD@Z      1002c820 f     splayer.obj
 0001:0002b860       ?ExtractCharacter@@YAPADPADPAVURLBuilder@@@Z 1002c860 f     splayer.obj
 0001:0002b910       ?DecodeQueryString@@YAXPAVScriptThread@@PAD@Z 1002c910 f     splayer.obj
 0001:0002ba20       ?ExtractVariables@@YAXPAVScriptThread@@PAD@Z 1002ca20 f     splayer.obj
 0001:0002ba50       ?BlinkCursor@SPlayer@@QAEXXZ 1002ca50 f     splayer.obj
 0001:0002ba80       ?HandleKeyUp@SPlayer@@QAEXHH@Z 1002ca80 f     splayer.obj
 0001:0002ba90       ?IsSelecting@SPlayer@@QAEHXZ 1002ca90 f     splayer.obj
 0001:0002bab0       ?Push@SPlayer@@QAEXPAD@Z   1002cab0 f     splayer.obj
 0001:0002bb50       ?Pop@SPlayer@@QAEPADXZ     1002cb50 f     splayer.obj
 0001:0002bb80       ?PopNum@SPlayer@@QAENXZ    1002cb80 f     splayer.obj
 0001:0002bbe0       ?IsButtonUp@SPlayer@@QAEHPAUSRECT@@0@Z 1002cbe0 f     splayer.obj
 0001:0002bc10       ?IsButtonDown@SPlayer@@QAEHPAUSRECT@@0@Z 1002cc10 f     splayer.obj
 0001:0002bc40       ?IsButtonRight@SPlayer@@QAEHPAUSRECT@@0@Z 1002cc40 f     splayer.obj
 0001:0002bc70       ?IsButtonLeft@SPlayer@@QAEHPAUSRECT@@0@Z 1002cc70 f     splayer.obj
 0001:0002bc90       ?IsButtonAligned@SPlayer@@QAEHPAUSRECT@@H0@Z 1002cc90 f     splayer.obj
 0001:0002bcf0       ?IsButtonOverlapped@SPlayer@@QAEHPAUSRECT@@H0@Z 1002ccf0 f     splayer.obj
 0001:0002bd20       ?ButtonCloser@SPlayer@@QAEPAUSRECT@@PAU2@00@Z 1002cd20 f     splayer.obj
 0001:0002bd60       ?AddButton@SPlayer@@QAEXPAUSObject@@@Z 1002cd60 f     splayer.obj
 0001:0002bde0       ?RemoveAllButtons@SPlayer@@QAEXXZ 1002cde0 f     splayer.obj
 0001:0002be20       ??_H@YGXPAXIHP6EPAX0@Z@Z   1002ce20 f i   splayer.obj
 0001:0002be60       ?CalcButtonWeight@SPlayer@@QAEJPAUSRECT@@@Z 1002ce60 f     splayer.obj
 0001:0002be80       ?ButtonSort@SPlayer@@QAEXPAVButtonWeight@1@H@Z 1002ce80 f     splayer.obj
 0001:0002bf20       ?CreateIdealPalette@SPlayer@@QAEXPAUSColorTable@@@Z 1002cf20 f     splayer.obj
 0001:0002c0e0       ?UpdateBuffer@SPlayer@@QAEHH@Z 1002d0e0 f     splayer.obj
 0001:0002c190       ?CheckUpdate@SPlayer@@QAEXXZ 1002d190 f     splayer.obj
 0001:0002c200       ?GetCursorType@SPlayer@@QAEHXZ 1002d200 f     splayer.obj
 0001:0002c240       ?BuildRelative@SPlayer@@QAEPADPAD0@Z 1002d240 f     splayer.obj
 0001:0002c3f0       ?NSResolveURL@SPlayer@@QAEPADPAD@Z 1002d3f0 f     splayer.obj
 0001:0002c430       ?NetscapeDoURL@SPlayer@@QAEXPAD00PAULoadInfo@@@Z 1002d430 f     splayer.obj
 0001:0002c540       ?StreamInWrite@SPlayer@@QAEHPAUStreamData@@PAXH@Z 1002d540 f     splayer.obj
 0001:0002c5e0       ?StreamInDestroy@SPlayer@@QAEXPAUStreamData@@@Z 1002d5e0 f     splayer.obj
 0001:0002c680       ?LoadBuiltInFonts@SPlayer@@QAEHXZ 1002d680 f     splayer.obj
 0001:0002c730       ??0ButtonOrder@SPlayer@@QAE@XZ 1002d730 f i   splayer.obj
 0001:0002c750       ?FindTarget@SPlayer@@QAEPAVScriptThread@@PAUSObject@@PAD@Z 1002d750 f     splayer.obj
 0001:0002c8c0       ?GetTargetPath@SPlayer@@QAEPADPAUSObject@@@Z 1002d8c0 f     splayer.obj
 0001:0002ca40       ?ConvertIntegerToString@@YAPADH@Z 1002da40 f     splayer.obj
 0001:0002cac0       ?ResolveVariable@SPlayer@@QAEPAVScriptThread@@PADPAV2@PAPAD@Z 1002dac0 f     splayer.obj
 0001:0002cb30       ?GetVariable@SPlayer@@QAEPADPAVScriptThread@@PAD@Z 1002db30 f     splayer.obj
 0001:0002cc40       ?SetVariable@SPlayer@@QAEXPAVScriptThread@@PAD1H@Z 1002dc40 f     splayer.obj
 0001:0002cd00       ?ButtonChoose@SPlayer@@QAEPAUSObject@@PAU2@PAUSRECT@@H0101@Z 1002dd00 f     splayer.obj
 0001:0002cdb0       ?NumButtons@SPlayer@@QAEHPAUSObject@@@Z 1002ddb0 f     splayer.obj
 0001:0002ce10       ?BuildButtonTabMap@SPlayer@@QAEPAVButtonWeight@1@XZ 1002de10 f     splayer.obj
 0001:0002cf30       ?OnDraw@SPlayer@@QAEXXZ    1002df30 f     splayer.obj
 0001:0002cfa0       ?Repaint@SPlayer@@QAEXPAUSRECT@@@Z 1002dfa0 f     splayer.obj
 0001:0002d020       ?UpdateScreen@SPlayer@@QAEXXZ 1002e020 f     splayer.obj
 0001:0002d080       ?NSGetURL@SPlayer@@QAEXPAD00@Z 1002e080 f     splayer.obj
 0001:0002d100       ?SetVersionVariable@SPlayer@@QAEXPAVScriptPlayer@@@Z 1002e100 f     splayer.obj
 0001:0002d160       ?UpdateDropTarget@SPlayer@@QAEXXZ 1002e160 f     splayer.obj
 0001:0002d1e0       ?SetCamera@SPlayer@@QAEXH@Z 1002e1e0 f     splayer.obj
 0001:0002d280       ?ClearScript@SPlayer@@QAEXXZ 1002e280 f     splayer.obj
 0001:0002d2f0       ?ConvertDoubleToString@@YAPADN@Z 1002e2f0 f     splayer.obj
 0001:0002d610       ?SetProperty@SPlayer@@QAEXPAVScriptThread@@HN@Z 1002e610 f     splayer.obj
 0001:0002db40       ?SetPropertyStr@SPlayer@@QAEXPAVScriptThread@@HPAD@Z 1002eb40 f     splayer.obj
 0001:0002dbe0       ?ResolveFrameNum@SPlayer@@QAEPAVScriptThread@@PADPAV2@PAH@Z 1002ebe0 f     splayer.obj
 0001:0002dc50       ?GetPropertyStr@SPlayer@@QAEPADPAVScriptThread@@H@Z 1002ec50 f     splayer.obj
 0001:0002dce0       ?ControlOpen@SPlayer@@QAEXPAVAresobj@@@Z 1002ece0 f     splayer.obj
 0001:0002dd60       ?ControlClose@SPlayer@@QAEXXZ 1002ed60 f     splayer.obj
 0001:0002dd90       ?ControlHighQuality@SPlayer@@QAEXXZ 1002ed90 f     splayer.obj
 0001:0002dde0       ?Pan@SPlayer@@QAEXJJH@Z    1002ede0 f     splayer.obj
 0001:0002dfb0       ?PushNum@SPlayer@@QAEXN@Z  1002efb0 f     splayer.obj
 0001:0002dfe0       ?ButtonOrdering@SPlayer@@QAEXPAUSButton@@PAVButtonOrder@1@@Z 1002efe0 f     splayer.obj
 0001:0002e250       ?ButtonFind@SPlayer@@QAEHPAUSButton@@0@Z 1002f250 f     splayer.obj
 0001:0002e320       ??0SPlayer@@QAE@XZ         1002f320 f     splayer.obj
 0001:0002e520       ??1SPlayer@@UAE@XZ         1002f520 f     splayer.obj
 0001:0002e660       ?ClearLayer@SPlayer@@QAEXH@Z 1002f660 f     splayer.obj
 0001:0002e6c0       ?OpenLayer@SPlayer@@QAEPAVScriptPlayer@@HH@Z 1002f6c0 f     splayer.obj
 0001:0002e7c0       ?Zoom100@SPlayer@@QAEXXZ   1002f7c0 f     splayer.obj
 0001:0002e850       ?Home@SPlayer@@QAEXXZ      1002f850 f     splayer.obj
 0001:0002e880       ?RemoveSprite@SPlayer@@QAEXPAVScriptThread@@H@Z 1002f880 f     splayer.obj
 0001:0002e8c0       ?Control100@SPlayer@@QAEXXZ 1002f8c0 f     splayer.obj
 0001:0002e8f0       ?ControlViewAll@SPlayer@@QAEXXZ 1002f8f0 f     splayer.obj
 0001:0002e940       ?SetZoomRect@SPlayer@@QAEXJJJJ@Z 1002f940 f     splayer.obj
 0001:0002e9c0       ?LoadLayer@SPlayer@@QAEXPADH00H@Z 1002f9c0 f     splayer.obj
 0001:0002eaf0       ?GetURL@SPlayer@@QAEXPAD00H@Z 1002faf0 f     splayer.obj
 0001:0002eba0       ?StreamInNew@SPlayer@@QAEXPAUStreamData@@PADPAX@Z 1002fba0 f     splayer.obj
 0001:0002ece0       ??_ESPlayer@@UAEPAXI@Z     1002fce0 f i   splayer.obj
 0001:0002ece0       ??_GSPlayer@@UAEPAXI@Z     1002fce0 f i   splayer.obj
 0001:0002ed00       ?Zoom@SPlayer@@QAEXUSPOINT@@0@Z 1002fd00 f     splayer.obj
 0001:0002ee70       ?ZoomF@SPlayer@@QAEXJPAUSPOINT@@@Z 1002fe70 f     splayer.obj
 0001:0002efd0       ?Zoom@SPlayer@@QAEXPAUSRECT@@@Z 1002ffd0 f     splayer.obj
 0001:0002f020       ?DoActions@SPlayer@@QAEXXZ 10030020 f     splayer.obj
 0001:00030580       ?LoadMovie@SPlayer@@QAEXPAD@Z 10031580 f     splayer.obj
 0001:000305b0       ?ControlOpen@SPlayer@@QAEXPAD@Z 100315b0 f     splayer.obj
 0001:00030680       ?ControlZoomIn@SPlayer@@QAEXXZ 10031680 f     splayer.obj
 0001:000306c0       ?ControlZoomContext@SPlayer@@QAEXHH@Z 100316c0 f     splayer.obj
 0001:00030710       ?ControlZoomOut@SPlayer@@QAEXXZ 10031710 f     splayer.obj
 0001:00030750       ?Zoom@SPlayer@@QAEXH@Z     10031750 f     splayer.obj
 0001:000307b0       ?CallFrame@SPlayer@@QAEHPAVScriptThread@@H@Z 100317b0 f     splayer.obj
 0001:000308b0       ?DoButton@SPlayer@@QAEXPAUSObject@@HH@Z 100318b0 f     splayer.obj
 0001:00030a00       ?ButtonFocusSet@SPlayer@@QAEXPAUSObject@@@Z 10031a00 f     splayer.obj
 0001:00030a50       ?ButtonFocusRemove@SPlayer@@QAEXPAUSObject@@@Z 10031a50 f     splayer.obj
 0001:00030ac0       ?DoButton@SPlayer@@QAEXPAUSPOINT@@HH@Z 10031ac0 f     splayer.obj
 0001:00030c80       ?MouseMove@SPlayer@@QAEXHHH@Z 10031c80 f     splayer.obj
 0001:00030e80       ?MouseDown@SPlayer@@QAEXHH@Z 10031e80 f     splayer.obj
 0001:00030f00       ?MouseUp@SPlayer@@QAEXHH@Z 10031f00 f     splayer.obj
 0001:00030f90       ?CancelCapture@SPlayer@@QAEXH@Z 10031f90 f     splayer.obj
 0001:00030ff0       ?GotoFrame@SPlayer@@QAEXH@Z 10031ff0 f     splayer.obj
 0001:00031020       ?DoPlay@SPlayer@@QAEXH@Z   10032020 f     splayer.obj
 0001:00031180       ?ButtonGoDirection@SPlayer@@QAEXH@Z 10032180 f     splayer.obj
 0001:00031280       ?ButtonEnter@SPlayer@@QAEXXZ 10032280 f     splayer.obj
 0001:000312c0       ?ButtonTabNext@SPlayer@@QAEXXZ 100322c0 f     splayer.obj
 0001:000313b0       ?ButtonTabPrevious@SPlayer@@QAEXXZ 100323b0 f     splayer.obj
 0001:000314b0       ?Rewind@SPlayer@@QAEXXZ    100324b0 f i   splayer.obj
 0001:000314e0       ?Forward@SPlayer@@QAEXXZ   100324e0 f i   splayer.obj
 0001:00031510       ?Back@SPlayer@@QAEXXZ      10032510 f i   splayer.obj
 0001:00031540       ?ControlRewind@SPlayer@@QAEXXZ 10032540 f     splayer.obj
 0001:00031590       ?ControlForward@SPlayer@@QAEXXZ 10032590 f     splayer.obj
 0001:000315e0       ?ControlBack@SPlayer@@QAEXXZ 100325e0 f     splayer.obj
 0001:00031630       ?TabKeyDown@SPlayer@@QAEHHH@Z 10032630 f     splayer.obj
 0001:000317e0       ?HandleKeyDown@SPlayer@@QAEHHH@Z 100327e0 f     splayer.obj
 0001:00031aa0       ??0SStroker@@QAE@PAVDisplayList@@PAPAUREdge@@@Z 10032aa0 f     sstroker.obj
 0001:00031ac0       ?MakeVertLine@@YAXPAUCURVE@@J@Z 10032ac0 f     sstroker.obj
 0001:00031b00       ?AddCurve@SStroker@@QAEXPAUCURVE@@@Z 10032b00 f     sstroker.obj
 0001:00031d90       ?AddEdge@SStroker@@QAEXPAUSPOINT@@0@Z 10032d90 f     sstroker.obj
 0001:00031dc0       ?StrokeJoin@SStroker@@QAEXPAUSPOINT@@00@Z 10032dc0 f     sstroker.obj
 0001:00031fa0       ?StrokeThickCurve@SStroker@@QAEXPAUCURVE@@@Z 10032fa0 f     sstroker.obj
 0001:00032210       ?StrokeThinLine@SStroker@@QAEXPAUCURVE@@@Z 10033210 f     sstroker.obj
 0001:000324a0       ?CurveOffsetX@@YAXPAUCURVE@@J@Z 100334a0 f i   sstroker.obj
 0001:000324c0       ?CurveOffsetY@@YAXPAUCURVE@@J@Z 100334c0 f i   sstroker.obj
 0001:000324e0       ?SameSign@@YAHJJ@Z         100334e0 f i   sstroker.obj
 0001:00032510       ?StrokeThinCurve@SStroker@@QAEXPAUCURVE@@@Z 10033510 f     sstroker.obj
 0001:00032860       ?BeginStroke@SStroker@@QAEXJPAURColor@@@Z 10033860 f     sstroker.obj
 0001:000328a0       ?AddStrokeCurve@SStroker@@QAEXPAUCURVE@@@Z 100338a0 f     sstroker.obj
 0001:00032aa0       ?EndStroke@SStroker@@QAEXXZ 10033aa0 f     sstroker.obj
 0001:00032c40       ?GetUnixFontData@@YAHPAPAD@Z 10033c40 f     unixfonts.obj
 0001:00032ca0       ?strstr@@YAPADPADPBD@Z     10033ca0 f i   avi.obj
 0001:00032cb0       ?mini@@YAHHH@Z             10033cb0 f i   avi.obj
 0001:00032cc0       ?color32@@YAIEEE@Z         10033cc0 f i   avi.obj
 0001:00032ce0       ?color32@@YAIEEEE@Z        10033ce0 f i   avi.obj
[...]
 0001:00066c58       __ehhandler$??0Alist@@QAE@PADPAVAobject@@HHHHPAVAitem@@@Z 10067c58 f     list.obj
 0001:00066c70       __unwindfunclet$??1Amenu@@UAE@XZ$0 10067c70 f     menu.obj
 0001:00066c78       __ehhandler$??1Amenu@@UAE@XZ 10067c78 f     menu.obj
 0001:00066c90       __unwindfunclet$??0Amenu@@QAE@PADPAVAobject@@PAVAitem@@1H2@Z$0 10067c90 f     menu.obj
 0001:00066c98       __unwindfunclet$??0Amenu@@QAE@PADPAVAobject@@PAVAitem@@1H2@Z$1 10067c98 f     menu.obj
 0001:00066ca3       __ehhandler$??0Amenu@@QAE@PADPAVAobject@@PAVAitem@@1H2@Z 10067ca3 f     menu.obj
 0001:00066cb0       __unwindfunclet$?mouse@Amenu@@UAE_NHHHH@Z$0 10067cb0 f     menu.obj
 0001:00066cbb       __ehhandler$?mouse@Amenu@@UAE_NHHHH@Z 10067cbb f     menu.obj
 0001:00066cd0       __unwindfunclet$??0Abitmap@@QAE@ABV0@@Z$0 10067cd0 f     movie.obj
 0001:00066cd8       __ehhandler$??0Abitmap@@QAE@ABV0@@Z 10067cd8 f     movie.obj
 0001:00066cf0       __unwindfunclet$??0bitmapL@@QAE@PAVAbitmap@@PAV0@1M@Z$0 10067cf0 f     movie.obj
 0001:00066cfe       __unwindfunclet$??0bitmapL@@QAE@PAVAbitmap@@PAV0@1M@Z$1 10067cfe f     movie.obj
 0001:00066d0c       __ehhandler$??0bitmapL@@QAE@PAVAbitmap@@PAV0@1M@Z 10067d0c f     movie.obj
 0001:00066d20       __unwindfunclet$?getFileInfo@Amovie@@SA_NPAVAmovieFileInfo@@PAD@Z$10 10067d20 f     movie.obj
 0001:00066d2e       __ehhandler$?getFileInfo@Amovie@@SA_NPAVAmovieFileInfo@@PAD@Z 10067d2e f     movie.obj
 0001:00066d40       __unwindfunclet$?getSnapshot@Amovie@@SAPAVAbitmap@@PADPAM@Z$0 10067d40 f     movie.obj
 0001:00066d4e       __ehhandler$?getSnapshot@Amovie@@SAPAVAbitmap@@PADPAM@Z 10067d4e f     movie.obj
 0001:00066d60       __unwindfunclet$??0Amovie@@QAE@PADHHH@Z$0 10067d60 f     movie.obj
 0001:00066d68       __ehhandler$??0Amovie@@QAE@PADHHH@Z 10067d68 f     movie.obj
 0001:00066d80       __unwindfunclet$??0Amovie@@QAE@PADHHM@Z$0 10067d80 f     movie.obj
 0001:00066d88       __unwindfunclet$??0Amovie@@QAE@PADHHM@Z$1 10067d88 f     movie.obj
 0001:00066d93       __ehhandler$??0Amovie@@QAE@PADHHM@Z 10067d93 f     movie.obj
 0001:00066da0       __unwindfunclet$?get@Amovie@@QAEPAVAbitmap@@H@Z$0 10067da0 f     movie.obj
 0001:00066dab       __ehhandler$?get@Amovie@@QAEPAVAbitmap@@H@Z 10067dab f     movie.obj
 0001:00066dc0       __unwindfunclet$?get@Amovie@@QAE_NPAVAbitmap@@H@Z$0 10067dc0 f     movie.obj
 0001:00066dcb       __ehhandler$?get@Amovie@@QAE_NPAVAbitmap@@H@Z 10067dcb f     movie.obj
 0001:00066de0       __unwindfunclet$?get@Amovie@@QAE_NPAVAbitmap@@HHHHHHHHHHMIH@Z$0 10067de0 f     movie.obj
 0001:00066deb       __ehhandler$?get@Amovie@@QAE_NPAVAbitmap@@HHHHHHHHHHMIH@Z 10067deb f     movie.obj
 0001:00066e00       __ehhandler$?open@Amovie@@QAE_NPAD@Z 10067e00 f     movie.obj
 0001:00066e10       __unwindfunclet$?openFLI@Amovie@@QAE_NPAD@Z$0 10067e10 f     movie.obj
 0001:00066e1b       __ehhandler$?openFLI@Amovie@@QAE_NPAD@Z 10067e1b f     movie.obj
 0001:00066e30       __unwindfunclet$??0Amovie@@QAE@PAD0@Z$0 10067e30 f     movie.obj
 0001:00066e38       __unwindfunclet$??0Amovie@@QAE@PAD0@Z$1 10067e38 f     movie.obj
 0001:00066e43       __ehhandler$??0Amovie@@QAE@PAD0@Z 10067e43 f     movie.obj
 0001:00066e50       __unwindfunclet$?insert@Amovie@@QAE_NPAVAbitmap@@H@Z$0 10067e50 f     movie.obj
 0001:00066e5b       __unwindfunclet$?insert@Amovie@@QAE_NPAVAbitmap@@H@Z$1 10067e5b f     movie.obj
 0001:00066e66       __unwindfunclet$?insert@Amovie@@QAE_NPAVAbitmap@@H@Z$2 10067e66 f     movie.obj
 0001:00066e71       __unwindfunclet$?insert@Amovie@@QAE_NPAVAbitmap@@H@Z$3 10067e71 f     movie.obj
 0001:00066e7c       __unwindfunclet$?insert@Amovie@@QAE_NPAVAbitmap@@H@Z$4 10067e7c f     movie.obj
 0001:00066e87       __unwindfunclet$?insert@Amovie@@QAE_NPAVAbitmap@@H@Z$5 10067e87 f     movie.obj
 0001:00066e92       __unwindfunclet$?insert@Amovie@@QAE_NPAVAbitmap@@H@Z$6 10067e92 f     movie.obj
 0001:00066e9d       __unwindfunclet$?insert@Amovie@@QAE_NPAVAbitmap@@H@Z$7 10067e9d f     movie.obj
 0001:00066ea8       __unwindfunclet$?insert@Amovie@@QAE_NPAVAbitmap@@H@Z$8 10067ea8 f     movie.obj
 0001:00066eb3       __ehhandler$?insert@Amovie@@QAE_NPAVAbitmap@@H@Z 10067eb3 f     movie.obj
 0001:00066ec0       __unwindfunclet$?append@Amovie@@QAE_NPAVAbitmap@@H@Z$0 10067ec0 f     movie.obj
 0001:00066ecb       __unwindfunclet$?append@Amovie@@QAE_NPAVAbitmap@@H@Z$1 10067ecb f     movie.obj
 0001:00066ed6       __unwindfunclet$?append@Amovie@@QAE_NPAVAbitmap@@H@Z$2 10067ed6 f     movie.obj
 0001:00066ee1       __unwindfunclet$?append@Amovie@@QAE_NPAVAbitmap@@H@Z$3 10067ee1 f     movie.obj
 0001:00066eec       __unwindfunclet$?append@Amovie@@QAE_NPAVAbitmap@@H@Z$4 10067eec f     movie.obj
 0001:00066ef7       __unwindfunclet$?append@Amovie@@QAE_NPAVAbitmap@@H@Z$5 10067ef7 f     movie.obj
 0001:00066f02       __unwindfunclet$?append@Amovie@@QAE_NPAVAbitmap@@H@Z$6 10067f02 f     movie.obj
 0001:00066f0d       __ehhandler$?append@Amovie@@QAE_NPAVAbitmap@@H@Z 10067f0d f     movie.obj
 0001:00066f20       __unwindfunclet$??1Amovie@@UAE@XZ$0 10067f20 f     movie.obj
 0001:00066f28       __ehhandler$??1Amovie@@UAE@XZ 10067f28 f     movie.obj
 0001:00066f40       __unwindfunclet$??0Amsgbox@@QAE@PADPAVAobject@@00HH@Z$0 10067f40 f     msgbox.obj
 0001:00066f48       __ehhandler$??0Amsgbox@@QAE@PADPAVAobject@@00HH@Z 10067f48 f     msgbox.obj
 0001:00066f60       __unwindfunclet$?msgbox@Amsgbox@@SAHPAVAobject@@PAD1HH@Z$0 10067f60 f     msgbox.obj
 0001:00066f6b       __ehhandler$?msgbox@Amsgbox@@SAHPAVAobject@@PAD1HH@Z 10067f6b f     msgbox.obj
 0001:00066f80       __unwindfunclet$??0Aobject@@QAE@PADPAV0@HHHH@Z$0 10067f80 f     object.obj
 0001:00066f88       __unwindfunclet$??0Aobject@@QAE@PADPAV0@HHHH@Z$1 10067f88 f     object.obj
 0001:00066f93       __ehhandler$??0Aobject@@QAE@PADPAV0@HHHH@Z 10067f93 f     object.obj
 0001:00066fa0       __unwindfunclet$?NCmouse@Aobject@@UAE_NHHHH@Z$0 10067fa0 f     object.obj
 0001:00066fab       __ehhandler$?NCmouse@Aobject@@UAE_NHHHH@Z 10067fab f     object.obj
 0001:00066fc0       __unwindfunclet$??1Aobject@@UAE@XZ$0 10067fc0 f     object.obj
 0001:00066fc8       __ehhandler$??1Aobject@@UAE@XZ 10067fc8 f     object.obj
 0001:00066fe0       __unwindfunclet$?texture@AoglBitmap@@SAXPAVAbitmap@@HHHHH@Z$0 10067fe0 f     oglbitmap.obj
 0001:00066feb       __ehhandler$?texture@AoglBitmap@@SAXPAVAbitmap@@HHHHH@Z 10067feb f     oglbitmap.obj
 0001:00067000       __unwindfunclet$?getObj@Aresource@@UAEPAVAresobj@@PAD0@Z$0 10068000 f     resources.obj
 0001:0006700b       __ehhandler$?getObj@Aresource@@UAEPAVAresobj@@PAD0@Z 1006800b f     resources.obj
 0001:00067020       __unwindfunclet$??1AselButton@@UAE@XZ$0 10068020 f     selButton.obj
 0001:00067028       __ehhandler$??1AselButton@@UAE@XZ 10068028 f     selButton.obj
 0001:00067040       __unwindfunclet$??0AselButton@@QAE@PADPAVAobject@@HHHHPAVAresobj@@HH0@Z$0 10068040 f     selButton.obj
 0001:00067048       __unwindfunclet$??0AselButton@@QAE@PADPAVAobject@@HHHHPAVAresobj@@HH0@Z$1 10068048 f     selButton.obj
 0001:00067053       __ehhandler$??0AselButton@@QAE@PADPAVAobject@@HHHHPAVAresobj@@HH0@Z 10068053 f     selButton.obj
 0001:00067060       __unwindfunclet$??0AselButton@@QAE@PADPAVAobject@@HHHHPAVAbitmap@@HH0@Z$0 10068060 f     selButton.obj
 0001:00067068       __unwindfunclet$??0AselButton@@QAE@PADPAVAobject@@HHHHPAVAbitmap@@HH0@Z$1 10068068 f     selButton.obj
 0001:00067073       __ehhandler$??0AselButton@@QAE@PADPAVAobject@@HHHHPAVAbitmap@@HH0@Z 10068073 f     selButton.obj
 0001:00067080       __unwindfunclet$??0Astatic@@QAE@PADPAVAobject@@HHPAVAresobj@@@Z$0 10068080 f     static.obj
 0001:00067088       __unwindfunclet$??0Astatic@@QAE@PADPAVAobject@@HHPAVAresobj@@@Z$1 10068088 f     static.obj
 0001:00067090       __ehhandler$??0Astatic@@QAE@PADPAVAobject@@HHPAVAresobj@@@Z 10068090 f     static.obj
 0001:000670a0       __unwindfunclet$??0Asurface@@QAE@PADPAVAobject@@HHHH@Z$0 100680a0 f     surface.obj
 0001:000670a8       __unwindfunclet$??0Asurface@@QAE@PADPAVAobject@@HHHH@Z$1 100680a8 f     surface.obj
 0001:000670b3       __ehhandler$??0Asurface@@QAE@PADPAVAobject@@HHHH@Z 100680b3 f     surface.obj
 0001:000670c0       __unwindfunclet$??1Asurface@@UAE@XZ$0 100680c0 f     surface.obj
 0001:000670c8       __ehhandler$??1Asurface@@UAE@XZ 100680c8 f     surface.obj
 0001:000670e0       __unwindfunclet$??1AtitleBar@@UAE@XZ$0 100680e0 f     titleBar.obj
 0001:000670e8       __ehhandler$??1AtitleBar@@UAE@XZ 100680e8 f     titleBar.obj
 0001:00067100       __unwindfunclet$??0AtitleBar@@QAE@PADPAVAobject@@HHHH0@Z$0 10068100 f     titleBar.obj
 0001:00067108       __unwindfunclet$??0AtitleBar@@QAE@PADPAVAobject@@HHHH0@Z$1 10068108 f     titleBar.obj
 0001:00067113       __unwindfunclet$??0AtitleBar@@QAE@PADPAVAobject@@HHHH0@Z$2 10068113 f     titleBar.obj
 0001:0006712c       __unwindfunclet$??0AtitleBar@@QAE@PADPAVAobject@@HHHH0@Z$3 1006812c f     titleBar.obj
 0001:00067137       __unwindfunclet$??0AtitleBar@@QAE@PADPAVAobject@@HHHH0@Z$4 10068137 f     titleBar.obj
 0001:00067150       __unwindfunclet$??0AtitleBar@@QAE@PADPAVAobject@@HHHH0@Z$5 10068150 f     titleBar.obj
 0001:0006715b       __unwindfunclet$??0AtitleBar@@QAE@PADPAVAobject@@HHHH0@Z$6 1006815b f     titleBar.obj
 0001:00067174       __ehhandler$??0AtitleBar@@QAE@PADPAVAobject@@HHHH0@Z 10068174 f     titleBar.obj
 0001:00067180       __unwindfunclet$??0Atool@@QAE@PADPAVAobject@@HHPAVAresobj@@H@Z$0 10068180 f     toolbar.obj
 0001:00067188       __unwindfunclet$??0Atool@@QAE@PADPAVAobject@@HHPAVAresobj@@H@Z$1 10068188 f     toolbar.obj
 0001:00067193       __ehhandler$??0Atool@@QAE@PADPAVAobject@@HHPAVAresobj@@H@Z 10068193 f     toolbar.obj
 0001:000671a0       __unwindfunclet$??1Atool@@UAE@XZ$0 100681a0 f     toolbar.obj
 0001:000671a8       __ehhandler$??1Atool@@UAE@XZ 100681a8 f     toolbar.obj
 0001:000671c0       __unwindfunclet$?add@AtoolBar@@QAEXPAD0PAVAresobj@@H@Z$1 100681c0 f     toolbar.obj
 0001:000671cb       __unwindfunclet$?add@AtoolBar@@QAEXPAD0PAVAresobj@@H@Z$0 100681cb f     toolbar.obj
 0001:000671d6       __ehhandler$?add@AtoolBar@@QAEXPAD0PAVAresobj@@H@Z 100681d6 f     toolbar.obj
 0001:000671e0       __unwindfunclet$??0Atooltips@@QAE@PADPAVAobject@@@Z$0 100681e0 f     tooltips.obj
 0001:000671e8       __ehhandler$??0Atooltips@@QAE@PADPAVAobject@@@Z 100681e8 f     tooltips.obj
 0001:00067200       __unwindfunclet$??1AtreeView@@UAE@XZ$0 10068200 f     treeView.obj
 0001:00067208       __ehhandler$??1AtreeView@@UAE@XZ 10068208 f     treeView.obj
 0001:00067220       __unwindfunclet$??0AtreeView@@QAE@PADPAVAobject@@HHHHPAVAitem@@@Z$0 10068220 f     treeView.obj
 0001:00067228       __unwindfunclet$??0AtreeView@@QAE@PADPAVAobject@@HHHHPAVAitem@@@Z$1 10068228 f     treeView.obj
 0001:00067233       __unwindfunclet$??0AtreeView@@QAE@PADPAVAobject@@HHHHPAVAitem@@@Z$2 10068233 f     treeView.obj
 0001:0006724c       __ehhandler$??0AtreeView@@QAE@PADPAVAobject@@HHHHPAVAitem@@@Z 1006824c f     treeView.obj
 0001:00067260       __unwindfunclet$?NCmakeCursor@Awindow@@SAHPAVAresobj@@HH@Z$0 10068260 f     window.obj
 0001:0006726b       __ehhandler$?NCmakeCursor@Awindow@@SAHPAVAresobj@@HH@Z 1006826b f     window.obj
 0001:00067280       __unwindfunclet$??1Awindow@@UAE@XZ$0 10068280 f     window.obj
 0001:00067288       __unwindfunclet$??1Awindow@@UAE@XZ$1 10068288 f     window.obj
 0001:00067293       __ehhandler$??1Awindow@@UAE@XZ 10068293 f     window.obj
 0001:000672a0       __unwindfunclet$??0Awindow@@QAE@PADHHHH_N@Z$0 100682a0 f     window.obj
 0001:000672a8       __unwindfunclet$??0Awindow@@QAE@PADHHHH_N@Z$1 100682a8 f     window.obj
 0001:000672b3       __ehhandler$??0Awindow@@QAE@PADHHHH_N@Z 100682b3 f     window.obj
 0001:000672c0       __unwindfunclet$??0Awindow@@QAE@PADPAUHWND__@@HHHH_N@Z$0 100682c0 f     window.obj
 0001:000672c8       __unwindfunclet$??0Awindow@@QAE@PADPAUHWND__@@HHHH_N@Z$1 100682c8 f     window.obj
 0001:000672d3       __ehhandler$??0Awindow@@QAE@PADPAUHWND__@@HHHH_N@Z 100682d3 f     window.obj
 0001:000672e0       __unwindfunclet$??__Eicon@@YAXXZ$0 100682e0 f     window.obj
 0001:000672e8       __ehhandler$??__Eicon@@YAXXZ 100682e8 f     window.obj
 0001:00067300       ??__E?CI@NativeBitmap@@2VACI@@A@@YAXXZ 10068300 f     _Display.obj
 0001:00067330       ??__E?CI@AaviRead@@2VACI@@A@@YAXXZ 10068330 f     avi.obj
 0001:00067360       ??__E?CI@AaviWrite@@2VACI@@A@@YAXXZ 10068360 f     avi.obj
 0001:00067390       ??__E?CI@Abitmap@@2VACI@@A@@YAXXZ 10068390 f     bitmap.obj
 0001:000673c0       ??__E?CI@Abuffer@@2VACI@@A@@YAXXZ 100683c0 f     buffer.obj
 0001:000673f0       ??__E?CI@Abutton@@2VACI@@A@@YAXXZ 100683f0 f     button.obj
 0001:00067420       ??__E?CI@Ad3d@@2VACI@@A@@YAXXZ 10068420 f     d3d.obj
 0001:00067450       ??__E?CI@Adisplay@@2VACI@@A@@YAXXZ 10068450 f     display.obj
 0001:00067480       ??__E?CI@Aedit@@2VACI@@A@@YAXXZ 10068480 f     edit.obj
 0001:000674b0       ??__E?CI@Afile@@2VACI@@A@@YAXXZ 100684b0 f     file.obj
 0001:000674e0       ??__E?CI@AfileDlg@@2VACI@@A@@YAXXZ 100684e0 f     filedlg.obj
 0001:00067510       ??__E?CI@Afilehd@@2VACI@@A@@YAXXZ 10068510 f     filehd.obj
 0001:00067540       ??__E?CI@Afilemem@@2VACI@@A@@YAXXZ 10068540 f     filemem.obj
 0001:00067570       ??__E?CI@Aflash@@2VACI@@A@@YAXXZ 10068570 f     flash.obj
 0001:000675a0       ??__E?CI@Afont@@2VACI@@A@@YAXXZ 100685a0 f     font.obj
 0001:000675d0       ??__E?CI@AftpClient@@2VACI@@A@@YAXXZ 100685d0 f     ftp.obj
 0001:00067600       ??__EalibInstance@@YAXXZ   10068600 f     interface.obj
 0001:00067620       ??__Ealibres@@YAXXZ        10068620 f     interface.obj
 0001:00067650       ??__Eresource@@YAXXZ       10068650 f     interface.obj
 0001:00067680       ??__Ealib@@YAXXZ           10068680 f     interface.obj
 0001:00067690       ??__E?CI@Aitem@@2VACI@@A@@YAXXZ 10068690 f     item.obj
 0001:000676c0       ??__E?CI@Alist@@2VACI@@A@@YAXXZ 100686c0 f     list.obj
 0001:000676f0       ??__E?CI@Amenu@@2VACI@@A@@YAXXZ 100686f0 f     menu.obj
 0001:00067720       ??__E?CI@Amovie@@2VACI@@A@@YAXXZ 10068720 f     movie.obj
 0001:00067750       ??__E?CI@Amsgbox@@2VACI@@A@@YAXXZ 10068750 f     msgbox.obj
 0001:00067780       ??__E?CI@Anode@@2VACI@@A@@YAXXZ 10068780 f     node.obj
 0001:000677a0       ??__E?CI@Aobject@@2VACI@@A@@YAXXZ 100687a0 f     object.obj
 0001:000677d0       ??__E?CI@AoglBitmap@@2VACI@@A@@YAXXZ 100687d0 f     oglbitmap.obj
 0001:00067800       ??__E?CI@Apipe@@2VACI@@A@@YAXXZ 10068800 f     pipe.obj
 0001:00067830       ??__E?CI@Aplugz@@2VACI@@A@@YAXXZ 10068830 f     plugz.obj
 0001:00067860       ??__E?CI@Aregistry@@2VACI@@A@@YAXXZ 10068860 f     registry.obj
 0001:00067890       ??__E?CI@Aresobj@@2VACI@@A@@YAXXZ 10068890 f     resources.obj
 0001:000678c0       ??__E?CI@Aresource@@2VACI@@A@@YAXXZ 100688c0 f     resources.obj
 0001:000678f0       ??__E?CI@AscrollBar@@2VACI@@A@@YAXXZ 100688f0 f     scrollbar.obj
 0001:00067920       ??__E?CI@Asegment@@2VACI@@A@@YAXXZ 10068920 f     segment.obj
 0001:00067950       ??__E?CI@AselButton@@2VACI@@A@@YAXXZ 10068950 f     selButton.obj
 0001:00067980       ??__E?CI@Aserial@@2VACI@@A@@YAXXZ 10068980 f     serial.obj
 0001:000679b0       ??__E?CI@Astatic@@2VACI@@A@@YAXXZ 100689b0 f     static.obj
 0001:000679e0       ??__E?CI@Asurface@@2VACI@@A@@YAXXZ 100689e0 f     surface.obj
 0001:00067a10       ??__E?CI@AtitleBar@@2VACI@@A@@YAXXZ 10068a10 f     titleBar.obj
 0001:00067a40       ??__E?CI@AtoolBar@@2VACI@@A@@YAXXZ 10068a40 f     toolbar.obj
 0001:00067a70       ??__E?CI@Atool@@2VACI@@A@@YAXXZ 10068a70 f     toolbar.obj
 0001:00067aa0       ??__E?CI@Atooltips@@2VACI@@A@@YAXXZ 10068aa0 f     tooltips.obj
 0001:00067ad0       ??__E?CI@AtreeView@@2VACI@@A@@YAXXZ 10068ad0 f     treeView.obj
 0001:00067b00       ??__EsafeGUI@@YAXXZ        10068b00 f     window.obj
 0001:00067b20       ??__E?section@Awindowlist@@2VAsection@@A@@YAXXZ 10068b20 f     window.obj
 0001:00067b40       ??__E?CI@Awindow@@2VACI@@A@@YAXXZ 10068b40 f     window.obj
 0001:00067b70       ??__Etimesection@@YAXXZ    10068b70 f     window.obj
 0001:00067b90       ??__Eicon@@YAXXZ           10068b90 f     window.obj
 0001:00067c00       ??__F?CI@NativeBitmap@@2VACI@@A@@YAXXZ 10068c00 f     _Display.obj
 0001:00067c10       ??__F?CI@AaviRead@@2VACI@@A@@YAXXZ 10068c10 f     avi.obj
 0001:00067c20       ??__F?CI@AaviWrite@@2VACI@@A@@YAXXZ 10068c20 f     avi.obj
 0001:00067c30       ??__F?CI@Abitmap@@2VACI@@A@@YAXXZ 10068c30 f     bitmap.obj
 0001:00067c40       ??__F?CI@Abuffer@@2VACI@@A@@YAXXZ 10068c40 f     buffer.obj
 0001:00067c50       ??__F?CI@Abutton@@2VACI@@A@@YAXXZ 10068c50 f     button.obj
 0001:00067c60       ??__F?CI@Ad3d@@2VACI@@A@@YAXXZ 10068c60 f     d3d.obj
 0001:00067c70       ??__F?CI@Adisplay@@2VACI@@A@@YAXXZ 10068c70 f     display.obj
 0001:00067c80       ??__F?CI@Aedit@@2VACI@@A@@YAXXZ 10068c80 f     edit.obj
 0001:00067c90       ??__F?CI@Afile@@2VACI@@A@@YAXXZ 10068c90 f     file.obj
 0001:00067ca0       ??__F?CI@AfileDlg@@2VACI@@A@@YAXXZ 10068ca0 f     filedlg.obj
 0001:00067cb0       ??__F?CI@Afilehd@@2VACI@@A@@YAXXZ 10068cb0 f     filehd.obj
 0001:00067cc0       ??__F?CI@Afilemem@@2VACI@@A@@YAXXZ 10068cc0 f     filemem.obj
 0001:00067cd0       ??__F?CI@Aflash@@2VACI@@A@@YAXXZ 10068cd0 f     flash.obj
 0001:00067ce0       ??__F?CI@Afont@@2VACI@@A@@YAXXZ 10068ce0 f     font.obj
 0001:00067cf0       ??__F?CI@AftpClient@@2VACI@@A@@YAXXZ 10068cf0 f     ftp.obj
 0001:00067d00       ??__Falibres@@YAXXZ        10068d00 f     interface.obj
 0001:00067d10       ??__Fresource@@YAXXZ       10068d10 f     interface.obj
 0001:00067d20       ??__Falib@@YAXXZ           10068d20 f     interface.obj
 0001:00067d50       ??__F?CI@Aitem@@2VACI@@A@@YAXXZ 10068d50 f     item.obj
 0001:00067d60       ??__F?CI@Alist@@2VACI@@A@@YAXXZ 10068d60 f     list.obj
 0001:00067d70       ??__F?CI@Amenu@@2VACI@@A@@YAXXZ 10068d70 f     menu.obj
 0001:00067d80       ??__F?CI@Amovie@@2VACI@@A@@YAXXZ 10068d80 f     movie.obj
 0001:00067d90       ??__F?CI@Amsgbox@@2VACI@@A@@YAXXZ 10068d90 f     msgbox.obj
 0001:00067da0       ??__F?CI@Anode@@2VACI@@A@@YAXXZ 10068da0 f     node.obj
 0001:00067de0       ??__F?CI@Aobject@@2VACI@@A@@YAXXZ 10068de0 f     object.obj
 0001:00067df0       ??__F?CI@AoglBitmap@@2VACI@@A@@YAXXZ 10068df0 f     oglbitmap.obj
 0001:00067e00       ??__F?CI@Apipe@@2VACI@@A@@YAXXZ 10068e00 f     pipe.obj
 0001:00067e10       ??__F?CI@Aplugz@@2VACI@@A@@YAXXZ 10068e10 f     plugz.obj
 0001:00067e20       ??__F?CI@Aregistry@@2VACI@@A@@YAXXZ 10068e20 f     registry.obj
 0001:00067e30       ??__F?CI@Aresobj@@2VACI@@A@@YAXXZ 10068e30 f     resources.obj
 0001:00067e40       ??__F?CI@Aresource@@2VACI@@A@@YAXXZ 10068e40 f     resources.obj
 0001:00067e50       ??__F?CI@AscrollBar@@2VACI@@A@@YAXXZ 10068e50 f     scrollbar.obj
 0001:00067e60       ??__F?CI@Asegment@@2VACI@@A@@YAXXZ 10068e60 f     segment.obj
 0001:00067e70       ??__F?CI@AselButton@@2VACI@@A@@YAXXZ 10068e70 f     selButton.obj
 0001:00067e80       ??__F?CI@Aserial@@2VACI@@A@@YAXXZ 10068e80 f     serial.obj
 0001:00067e90       ??__F?CI@Astatic@@2VACI@@A@@YAXXZ 10068e90 f     static.obj
 0001:00067ea0       ??__F?CI@Asurface@@2VACI@@A@@YAXXZ 10068ea0 f     surface.obj
 0001:00067eb0       ??__F?CI@AtitleBar@@2VACI@@A@@YAXXZ 10068eb0 f     titleBar.obj
 0001:00067ec0       ??__F?CI@AtoolBar@@2VACI@@A@@YAXXZ 10068ec0 f     toolbar.obj
 0001:00067ed0       ??__F?CI@Atool@@2VACI@@A@@YAXXZ 10068ed0 f     toolbar.obj
 0001:00067ee0       ??__F?CI@Atooltips@@2VACI@@A@@YAXXZ 10068ee0 f     tooltips.obj
 0001:00067ef0       ??__F?CI@AtreeView@@2VACI@@A@@YAXXZ 10068ef0 f     treeView.obj
 0001:00067f00       ??__FsafeGUI@@YAXXZ        10068f00 f     window.obj
 0001:00067f10       ??__F?section@Awindowlist@@2VAsection@@A@@YAXXZ 10068f10 f     window.obj
 0001:00067f20       ??__F?CI@Awindow@@2VACI@@A@@YAXXZ 10068f20 f     window.obj
 0001:00067f30       ??__Ftimesection@@YAXXZ    10068f30 f     window.obj
